Archive member included to satisfy reference by file (symbol)

/Users/rtone-badr/Desktop/Projects/gcc-arm-none-eabi-6-2017-q1-update/bin/../lib/gcc/arm-none-eabi/6.3.1/../../../../arm-none-eabi/lib/thumb/v7e-m/fpv4-sp/hard/libc_nano.a(lib_a-exit.o)
                              /Users/rtone-badr/Desktop/Projects/gcc-arm-none-eabi-6-2017-q1-update/bin/../lib/gcc/arm-none-eabi/6.3.1/../../../../arm-none-eabi/lib/thumb/v7e-m/fpv4-sp/hard/crt0.o (exit)
/Users/rtone-badr/Desktop/Projects/gcc-arm-none-eabi-6-2017-q1-update/bin/../lib/gcc/arm-none-eabi/6.3.1/../../../../arm-none-eabi/lib/thumb/v7e-m/fpv4-sp/hard/libc_nano.a(lib_a-impure.o)
                              /Users/rtone-badr/Desktop/Projects/gcc-arm-none-eabi-6-2017-q1-update/bin/../lib/gcc/arm-none-eabi/6.3.1/../../../../arm-none-eabi/lib/thumb/v7e-m/fpv4-sp/hard/libc_nano.a(lib_a-exit.o) (_global_impure_ptr)
/Users/rtone-badr/Desktop/Projects/gcc-arm-none-eabi-6-2017-q1-update/bin/../lib/gcc/arm-none-eabi/6.3.1/../../../../arm-none-eabi/lib/thumb/v7e-m/fpv4-sp/hard/libc_nano.a(lib_a-init.o)
                              /Users/rtone-badr/Desktop/Projects/gcc-arm-none-eabi-6-2017-q1-update/bin/../lib/gcc/arm-none-eabi/6.3.1/../../../../arm-none-eabi/lib/thumb/v7e-m/fpv4-sp/hard/crt0.o (__libc_init_array)
/Users/rtone-badr/Desktop/Projects/gcc-arm-none-eabi-6-2017-q1-update/bin/../lib/gcc/arm-none-eabi/6.3.1/../../../../arm-none-eabi/lib/thumb/v7e-m/fpv4-sp/hard/libc_nano.a(lib_a-memset.o)
                              /Users/rtone-badr/Desktop/Projects/gcc-arm-none-eabi-6-2017-q1-update/bin/../lib/gcc/arm-none-eabi/6.3.1/../../../../arm-none-eabi/lib/thumb/v7e-m/fpv4-sp/hard/crt0.o (memset)
/Users/rtone-badr/Desktop/Projects/gcc-arm-none-eabi-6-2017-q1-update/bin/../lib/gcc/arm-none-eabi/6.3.1/../../../../arm-none-eabi/lib/thumb/v7e-m/fpv4-sp/hard/libnosys.a(_exit.o)
                              /Users/rtone-badr/Desktop/Projects/gcc-arm-none-eabi-6-2017-q1-update/bin/../lib/gcc/arm-none-eabi/6.3.1/../../../../arm-none-eabi/lib/thumb/v7e-m/fpv4-sp/hard/libc_nano.a(lib_a-exit.o) (_exit)
/Users/rtone-badr/Desktop/Projects/gcc-arm-none-eabi-6-2017-q1-update/bin/../lib/gcc/arm-none-eabi/6.3.1/../../../../arm-none-eabi/lib/thumb/v7e-m/fpv4-sp/hard/libc_nano.a(lib_a-memcpy-stub.o)
                              _build/nrf52832_xxaa_app_scheduler.c.o (memcpy)
/Users/rtone-badr/Desktop/Projects/gcc-arm-none-eabi-6-2017-q1-update/bin/../lib/gcc/arm-none-eabi/6.3.1/../../../../arm-none-eabi/lib/thumb/v7e-m/fpv4-sp/hard/libc_nano.a(lib_a-strcpy.o)
                              _build/nrf52832_xxaa_SEGGER_RTT.c.o (strcpy)
/Users/rtone-badr/Desktop/Projects/gcc-arm-none-eabi-6-2017-q1-update/bin/../lib/gcc/arm-none-eabi/6.3.1/../../../../arm-none-eabi/lib/thumb/v7e-m/fpv4-sp/hard/libc_nano.a(lib_a-strlen.o)
                              _build/nrf52832_xxaa_SEGGER_RTT.c.o (strlen)

Allocating common symbols
Common symbol       size              file

_SEGGER_RTT         0x78              _build/nrf52832_xxaa_SEGGER_RTT.c.o

Discarded input sections

 .text          0x0000000000000000        0x0 /Users/rtone-badr/Desktop/Projects/gcc-arm-none-eabi-6-2017-q1-update/bin/../lib/gcc/arm-none-eabi/6.3.1/thumb/v7e-m/fpv4-sp/hard/crti.o
 .data          0x0000000000000000        0x0 /Users/rtone-badr/Desktop/Projects/gcc-arm-none-eabi-6-2017-q1-update/bin/../lib/gcc/arm-none-eabi/6.3.1/thumb/v7e-m/fpv4-sp/hard/crti.o
 .bss           0x0000000000000000        0x0 /Users/rtone-badr/Desktop/Projects/gcc-arm-none-eabi-6-2017-q1-update/bin/../lib/gcc/arm-none-eabi/6.3.1/thumb/v7e-m/fpv4-sp/hard/crti.o
 .data          0x0000000000000000        0x4 /Users/rtone-badr/Desktop/Projects/gcc-arm-none-eabi-6-2017-q1-update/bin/../lib/gcc/arm-none-eabi/6.3.1/thumb/v7e-m/fpv4-sp/hard/crtbegin.o
 .data          0x0000000000000000        0x0 /Users/rtone-badr/Desktop/Projects/gcc-arm-none-eabi-6-2017-q1-update/bin/../lib/gcc/arm-none-eabi/6.3.1/../../../../arm-none-eabi/lib/thumb/v7e-m/fpv4-sp/hard/crt0.o
 .bss           0x0000000000000000        0x0 /Users/rtone-badr/Desktop/Projects/gcc-arm-none-eabi-6-2017-q1-update/bin/../lib/gcc/arm-none-eabi/6.3.1/../../../../arm-none-eabi/lib/thumb/v7e-m/fpv4-sp/hard/crt0.o
 .ARM.extab     0x0000000000000000        0x0 /Users/rtone-badr/Desktop/Projects/gcc-arm-none-eabi-6-2017-q1-update/bin/../lib/gcc/arm-none-eabi/6.3.1/../../../../arm-none-eabi/lib/thumb/v7e-m/fpv4-sp/hard/crt0.o
 .text          0x0000000000000000        0x0 /Users/rtone-badr/Desktop/Projects/gcc-arm-none-eabi-6-2017-q1-update/bin/../lib/gcc/arm-none-eabi/6.3.1/../../../../arm-none-eabi/lib/thumb/v7e-m/fpv4-sp/hard/libc_nano.a(lib_a-exit.o)
 .data          0x0000000000000000        0x0 /Users/rtone-badr/Desktop/Projects/gcc-arm-none-eabi-6-2017-q1-update/bin/../lib/gcc/arm-none-eabi/6.3.1/../../../../arm-none-eabi/lib/thumb/v7e-m/fpv4-sp/hard/libc_nano.a(lib_a-exit.o)
 .bss           0x0000000000000000        0x0 /Users/rtone-badr/Desktop/Projects/gcc-arm-none-eabi-6-2017-q1-update/bin/../lib/gcc/arm-none-eabi/6.3.1/../../../../arm-none-eabi/lib/thumb/v7e-m/fpv4-sp/hard/libc_nano.a(lib_a-exit.o)
 .text          0x0000000000000000        0x0 /Users/rtone-badr/Desktop/Projects/gcc-arm-none-eabi-6-2017-q1-update/bin/../lib/gcc/arm-none-eabi/6.3.1/../../../../arm-none-eabi/lib/thumb/v7e-m/fpv4-sp/hard/libc_nano.a(lib_a-impure.o)
 .data          0x0000000000000000        0x0 /Users/rtone-badr/Desktop/Projects/gcc-arm-none-eabi-6-2017-q1-update/bin/../lib/gcc/arm-none-eabi/6.3.1/../../../../arm-none-eabi/lib/thumb/v7e-m/fpv4-sp/hard/libc_nano.a(lib_a-impure.o)
 .bss           0x0000000000000000        0x0 /Users/rtone-badr/Desktop/Projects/gcc-arm-none-eabi-6-2017-q1-update/bin/../lib/gcc/arm-none-eabi/6.3.1/../../../../arm-none-eabi/lib/thumb/v7e-m/fpv4-sp/hard/libc_nano.a(lib_a-impure.o)
 .data._impure_ptr
                0x0000000000000000        0x4 /Users/rtone-badr/Desktop/Projects/gcc-arm-none-eabi-6-2017-q1-update/bin/../lib/gcc/arm-none-eabi/6.3.1/../../../../arm-none-eabi/lib/thumb/v7e-m/fpv4-sp/hard/libc_nano.a(lib_a-impure.o)
 .text          0x0000000000000000        0x0 /Users/rtone-badr/Desktop/Projects/gcc-arm-none-eabi-6-2017-q1-update/bin/../lib/gcc/arm-none-eabi/6.3.1/../../../../arm-none-eabi/lib/thumb/v7e-m/fpv4-sp/hard/libc_nano.a(lib_a-init.o)
 .data          0x0000000000000000        0x0 /Users/rtone-badr/Desktop/Projects/gcc-arm-none-eabi-6-2017-q1-update/bin/../lib/gcc/arm-none-eabi/6.3.1/../../../../arm-none-eabi/lib/thumb/v7e-m/fpv4-sp/hard/libc_nano.a(lib_a-init.o)
 .bss           0x0000000000000000        0x0 /Users/rtone-badr/Desktop/Projects/gcc-arm-none-eabi-6-2017-q1-update/bin/../lib/gcc/arm-none-eabi/6.3.1/../../../../arm-none-eabi/lib/thumb/v7e-m/fpv4-sp/hard/libc_nano.a(lib_a-init.o)
 .text          0x0000000000000000        0x0 /Users/rtone-badr/Desktop/Projects/gcc-arm-none-eabi-6-2017-q1-update/bin/../lib/gcc/arm-none-eabi/6.3.1/../../../../arm-none-eabi/lib/thumb/v7e-m/fpv4-sp/hard/libc_nano.a(lib_a-memset.o)
 .data          0x0000000000000000        0x0 /Users/rtone-badr/Desktop/Projects/gcc-arm-none-eabi-6-2017-q1-update/bin/../lib/gcc/arm-none-eabi/6.3.1/../../../../arm-none-eabi/lib/thumb/v7e-m/fpv4-sp/hard/libc_nano.a(lib_a-memset.o)
 .bss           0x0000000000000000        0x0 /Users/rtone-badr/Desktop/Projects/gcc-arm-none-eabi-6-2017-q1-update/bin/../lib/gcc/arm-none-eabi/6.3.1/../../../../arm-none-eabi/lib/thumb/v7e-m/fpv4-sp/hard/libc_nano.a(lib_a-memset.o)
 .text          0x0000000000000000        0x0 /Users/rtone-badr/Desktop/Projects/gcc-arm-none-eabi-6-2017-q1-update/bin/../lib/gcc/arm-none-eabi/6.3.1/../../../../arm-none-eabi/lib/thumb/v7e-m/fpv4-sp/hard/libnosys.a(_exit.o)
 .data          0x0000000000000000        0x0 /Users/rtone-badr/Desktop/Projects/gcc-arm-none-eabi-6-2017-q1-update/bin/../lib/gcc/arm-none-eabi/6.3.1/../../../../arm-none-eabi/lib/thumb/v7e-m/fpv4-sp/hard/libnosys.a(_exit.o)
 .bss           0x0000000000000000        0x0 /Users/rtone-badr/Desktop/Projects/gcc-arm-none-eabi-6-2017-q1-update/bin/../lib/gcc/arm-none-eabi/6.3.1/../../../../arm-none-eabi/lib/thumb/v7e-m/fpv4-sp/hard/libnosys.a(_exit.o)
 .text          0x0000000000000000        0x0 _build/nrf52832_xxaa_nrf_log_backend_serial.c.o
 .data          0x0000000000000000        0x0 _build/nrf52832_xxaa_nrf_log_backend_serial.c.o
 .bss           0x0000000000000000        0x0 _build/nrf52832_xxaa_nrf_log_backend_serial.c.o
 .debug_info    0x0000000000000000      0x8eb _build/nrf52832_xxaa_nrf_log_backend_serial.c.o
 .debug_abbrev  0x0000000000000000      0x192 _build/nrf52832_xxaa_nrf_log_backend_serial.c.o
 .debug_aranges
                0x0000000000000000       0x18 _build/nrf52832_xxaa_nrf_log_backend_serial.c.o
 .debug_line    0x0000000000000000      0x24f _build/nrf52832_xxaa_nrf_log_backend_serial.c.o
 .debug_str     0x0000000000000000      0x664 _build/nrf52832_xxaa_nrf_log_backend_serial.c.o
 .comment       0x0000000000000000       0x80 _build/nrf52832_xxaa_nrf_log_backend_serial.c.o
 .ARM.attributes
                0x0000000000000000       0x39 _build/nrf52832_xxaa_nrf_log_backend_serial.c.o
 .text          0x0000000000000000        0x0 _build/nrf52832_xxaa_nrf_log_frontend.c.o
 .data          0x0000000000000000        0x0 _build/nrf52832_xxaa_nrf_log_frontend.c.o
 .bss           0x0000000000000000        0x0 _build/nrf52832_xxaa_nrf_log_frontend.c.o
 .debug_info    0x0000000000000000      0x8eb _build/nrf52832_xxaa_nrf_log_frontend.c.o
 .debug_abbrev  0x0000000000000000      0x192 _build/nrf52832_xxaa_nrf_log_frontend.c.o
 .debug_aranges
                0x0000000000000000       0x18 _build/nrf52832_xxaa_nrf_log_frontend.c.o
 .debug_line    0x0000000000000000      0x24f _build/nrf52832_xxaa_nrf_log_frontend.c.o
 .debug_str     0x0000000000000000      0x65e _build/nrf52832_xxaa_nrf_log_frontend.c.o
 .comment       0x0000000000000000       0x80 _build/nrf52832_xxaa_nrf_log_frontend.c.o
 .ARM.attributes
                0x0000000000000000       0x39 _build/nrf52832_xxaa_nrf_log_frontend.c.o
 .text          0x0000000000000000        0x0 _build/nrf52832_xxaa_boards.c.o
 .data          0x0000000000000000        0x0 _build/nrf52832_xxaa_boards.c.o
 .bss           0x0000000000000000        0x0 _build/nrf52832_xxaa_boards.c.o
 .text.nrf_gpio_cfg_input
                0x0000000000000000       0x2a _build/nrf52832_xxaa_boards.c.o
 .text.nrf_gpio_pin_read
                0x0000000000000000       0x2c _build/nrf52832_xxaa_boards.c.o
 .text.nrf_gpio_pin_out_read
                0x0000000000000000       0x2c _build/nrf52832_xxaa_boards.c.o
 .text.nrf_gpio_port_in_read
                0x0000000000000000       0x1a _build/nrf52832_xxaa_boards.c.o
 .text.nrf_gpio_port_out_read
                0x0000000000000000       0x1a _build/nrf52832_xxaa_boards.c.o
 .rodata.m_board_btn_list
                0x0000000000000000        0x4 _build/nrf52832_xxaa_boards.c.o
 .text.bsp_board_led_state_get
                0x0000000000000000       0x48 _build/nrf52832_xxaa_boards.c.o
 .text.bsp_board_led_on
                0x0000000000000000       0x24 _build/nrf52832_xxaa_boards.c.o
 .text.bsp_board_leds_on
                0x0000000000000000       0x26 _build/nrf52832_xxaa_boards.c.o
 .text.bsp_board_led_idx_to_pin
                0x0000000000000000       0x20 _build/nrf52832_xxaa_boards.c.o
 .text.bsp_board_pin_to_led_idx
                0x0000000000000000       0x48 _build/nrf52832_xxaa_boards.c.o
 .text.bsp_board_button_state_get
                0x0000000000000000       0x48 _build/nrf52832_xxaa_boards.c.o
 .text.bsp_board_buttons_init
                0x0000000000000000       0x34 _build/nrf52832_xxaa_boards.c.o
 .text.bsp_board_pin_to_button_idx
                0x0000000000000000       0x48 _build/nrf52832_xxaa_boards.c.o
 .text.bsp_board_button_idx_to_pin
                0x0000000000000000       0x20 _build/nrf52832_xxaa_boards.c.o
 .text          0x0000000000000000        0x0 _build/nrf52832_xxaa_app_error.c.o
 .data          0x0000000000000000        0x0 _build/nrf52832_xxaa_app_error.c.o
 .bss           0x0000000000000000        0x0 _build/nrf52832_xxaa_app_error.c.o
 .text.app_error_handler
                0x0000000000000000       0x32 _build/nrf52832_xxaa_app_error.c.o
 .text.app_error_handler_bare
                0x0000000000000000       0x2c _build/nrf52832_xxaa_app_error.c.o
 .text.app_error_save_and_stop
                0x0000000000000000       0x9c _build/nrf52832_xxaa_app_error.c.o
 .bss.m_error_data.7878
                0x0000000000000000       0x20 _build/nrf52832_xxaa_app_error.c.o
 .debug_info    0x0000000000000000      0xb29 _build/nrf52832_xxaa_app_error.c.o
 .debug_abbrev  0x0000000000000000      0x215 _build/nrf52832_xxaa_app_error.c.o
 .debug_aranges
                0x0000000000000000       0x30 _build/nrf52832_xxaa_app_error.c.o
 .debug_ranges  0x0000000000000000       0x20 _build/nrf52832_xxaa_app_error.c.o
 .debug_line    0x0000000000000000      0x2f1 _build/nrf52832_xxaa_app_error.c.o
 .debug_str     0x0000000000000000      0x771 _build/nrf52832_xxaa_app_error.c.o
 .comment       0x0000000000000000       0x80 _build/nrf52832_xxaa_app_error.c.o
 .debug_frame   0x0000000000000000       0x80 _build/nrf52832_xxaa_app_error.c.o
 .ARM.attributes
                0x0000000000000000       0x39 _build/nrf52832_xxaa_app_error.c.o
 .text          0x0000000000000000        0x0 _build/nrf52832_xxaa_app_error_weak.c.o
 .data          0x0000000000000000        0x0 _build/nrf52832_xxaa_app_error_weak.c.o
 .bss           0x0000000000000000        0x0 _build/nrf52832_xxaa_app_error_weak.c.o
 .text.NVIC_SystemReset
                0x0000000000000000       0x28 _build/nrf52832_xxaa_app_error_weak.c.o
 .text.app_error_fault_handler
                0x0000000000000000       0x18 _build/nrf52832_xxaa_app_error_weak.c.o
 .debug_info    0x0000000000000000      0xb50 _build/nrf52832_xxaa_app_error_weak.c.o
 .debug_abbrev  0x0000000000000000      0x213 _build/nrf52832_xxaa_app_error_weak.c.o
 .debug_aranges
                0x0000000000000000       0x28 _build/nrf52832_xxaa_app_error_weak.c.o
 .debug_ranges  0x0000000000000000       0x18 _build/nrf52832_xxaa_app_error_weak.c.o
 .debug_line    0x0000000000000000      0x2ba _build/nrf52832_xxaa_app_error_weak.c.o
 .debug_str     0x0000000000000000      0x709 _build/nrf52832_xxaa_app_error_weak.c.o
 .comment       0x0000000000000000       0x80 _build/nrf52832_xxaa_app_error_weak.c.o
 .debug_frame   0x0000000000000000       0x4c _build/nrf52832_xxaa_app_error_weak.c.o
 .ARM.attributes
                0x0000000000000000       0x39 _build/nrf52832_xxaa_app_error_weak.c.o
 .text          0x0000000000000000        0x0 _build/nrf52832_xxaa_app_scheduler.c.o
 .data          0x0000000000000000        0x0 _build/nrf52832_xxaa_app_scheduler.c.o
 .bss           0x0000000000000000        0x0 _build/nrf52832_xxaa_app_scheduler.c.o
 .text.is_word_aligned
                0x0000000000000000       0x24 _build/nrf52832_xxaa_app_scheduler.c.o
 .bss.m_queue_event_headers
                0x0000000000000000        0x4 _build/nrf52832_xxaa_app_scheduler.c.o
 .bss.m_queue_event_data
                0x0000000000000000        0x4 _build/nrf52832_xxaa_app_scheduler.c.o
 .bss.m_queue_start_index
                0x0000000000000000        0x1 _build/nrf52832_xxaa_app_scheduler.c.o
 .bss.m_queue_end_index
                0x0000000000000000        0x1 _build/nrf52832_xxaa_app_scheduler.c.o
 .bss.m_queue_event_size
                0x0000000000000000        0x2 _build/nrf52832_xxaa_app_scheduler.c.o
 .bss.m_queue_size
                0x0000000000000000        0x2 _build/nrf52832_xxaa_app_scheduler.c.o
 .text.next_index
                0x0000000000000000       0x30 _build/nrf52832_xxaa_app_scheduler.c.o
 .text.app_sched_queue_full
                0x0000000000000000       0x38 _build/nrf52832_xxaa_app_scheduler.c.o
 .text.app_sched_queue_empty
                0x0000000000000000       0x34 _build/nrf52832_xxaa_app_scheduler.c.o
 .text.app_sched_init
                0x0000000000000000       0x7c _build/nrf52832_xxaa_app_scheduler.c.o
 .text.app_sched_queue_space_get
                0x0000000000000000       0x60 _build/nrf52832_xxaa_app_scheduler.c.o
 .text.app_sched_event_put
                0x0000000000000000       0xd8 _build/nrf52832_xxaa_app_scheduler.c.o
 .text.is_app_sched_paused
                0x0000000000000000       0x10 _build/nrf52832_xxaa_app_scheduler.c.o
 .text.app_sched_execute
                0x0000000000000000       0x90 _build/nrf52832_xxaa_app_scheduler.c.o
 .debug_info    0x0000000000000000      0xc15 _build/nrf52832_xxaa_app_scheduler.c.o
 .debug_abbrev  0x0000000000000000      0x2bb _build/nrf52832_xxaa_app_scheduler.c.o
 .debug_aranges
                0x0000000000000000       0x60 _build/nrf52832_xxaa_app_scheduler.c.o
 .debug_ranges  0x0000000000000000       0x50 _build/nrf52832_xxaa_app_scheduler.c.o
 .debug_line    0x0000000000000000      0x3c0 _build/nrf52832_xxaa_app_scheduler.c.o
 .debug_str     0x0000000000000000      0x875 _build/nrf52832_xxaa_app_scheduler.c.o
 .comment       0x0000000000000000       0x80 _build/nrf52832_xxaa_app_scheduler.c.o
 .debug_frame   0x0000000000000000      0x160 _build/nrf52832_xxaa_app_scheduler.c.o
 .ARM.attributes
                0x0000000000000000       0x39 _build/nrf52832_xxaa_app_scheduler.c.o
 .text          0x0000000000000000        0x0 _build/nrf52832_xxaa_app_timer.c.o
 .data          0x0000000000000000        0x0 _build/nrf52832_xxaa_app_timer.c.o
 .bss           0x0000000000000000        0x0 _build/nrf52832_xxaa_app_timer.c.o
 .text.NVIC_SetPriority
                0x0000000000000000       0x54 _build/nrf52832_xxaa_app_timer.c.o
 .text.rtc1_init
                0x0000000000000000       0x24 _build/nrf52832_xxaa_app_timer.c.o
 .text.user_op_enque
                0x0000000000000000       0x20 _build/nrf52832_xxaa_app_timer.c.o
 .text.user_op_alloc
                0x0000000000000000       0x5c _build/nrf52832_xxaa_app_timer.c.o
 .text.timer_start_op_schedule
                0x0000000000000000       0x7a _build/nrf52832_xxaa_app_timer.c.o
 .text.timer_stop_op_schedule
                0x0000000000000000       0x5c _build/nrf52832_xxaa_app_timer.c.o
 .text.app_timer_init
                0x0000000000000000       0x6c _build/nrf52832_xxaa_app_timer.c.o
 .text.app_timer_create
                0x0000000000000000       0x68 _build/nrf52832_xxaa_app_timer.c.o
 .text.app_timer_start
                0x0000000000000000       0x68 _build/nrf52832_xxaa_app_timer.c.o
 .text.app_timer_stop
                0x0000000000000000       0x48 _build/nrf52832_xxaa_app_timer.c.o
 .text.app_timer_stop_all
                0x0000000000000000       0x24 _build/nrf52832_xxaa_app_timer.c.o
 .text.app_timer_cnt_get
                0x0000000000000000        0xe _build/nrf52832_xxaa_app_timer.c.o
 .text.app_timer_cnt_diff_compute
                0x0000000000000000       0x1c _build/nrf52832_xxaa_app_timer.c.o
 .text.app_timer_pause
                0x0000000000000000       0x18 _build/nrf52832_xxaa_app_timer.c.o
 .text.app_timer_resume
                0x0000000000000000       0x18 _build/nrf52832_xxaa_app_timer.c.o
 .text          0x0000000000000000        0x0 _build/nrf52832_xxaa_app_util_platform.c.o
 .data          0x0000000000000000        0x0 _build/nrf52832_xxaa_app_util_platform.c.o
 .bss           0x0000000000000000        0x0 _build/nrf52832_xxaa_app_util_platform.c.o
 .text.NVIC_GetPriority
                0x0000000000000000       0x50 _build/nrf52832_xxaa_app_util_platform.c.o
 .bss.m_in_critical_region
                0x0000000000000000        0x4 _build/nrf52832_xxaa_app_util_platform.c.o
 .text.app_util_disable_irq
                0x0000000000000000       0x20 _build/nrf52832_xxaa_app_util_platform.c.o
 .text.app_util_enable_irq
                0x0000000000000000       0x28 _build/nrf52832_xxaa_app_util_platform.c.o
 .text.app_util_critical_region_enter
                0x0000000000000000       0x14 _build/nrf52832_xxaa_app_util_platform.c.o
 .text.app_util_critical_region_exit
                0x0000000000000000       0x16 _build/nrf52832_xxaa_app_util_platform.c.o
 .text.privilege_level_get
                0x0000000000000000       0x44 _build/nrf52832_xxaa_app_util_platform.c.o
 .text.current_int_priority_get
                0x0000000000000000       0x3a _build/nrf52832_xxaa_app_util_platform.c.o
 .debug_info    0x0000000000000000      0xf5a _build/nrf52832_xxaa_app_util_platform.c.o
 .debug_abbrev  0x0000000000000000      0x308 _build/nrf52832_xxaa_app_util_platform.c.o
 .debug_aranges
                0x0000000000000000       0x50 _build/nrf52832_xxaa_app_util_platform.c.o
 .debug_ranges  0x0000000000000000       0x40 _build/nrf52832_xxaa_app_util_platform.c.o
 .debug_line    0x0000000000000000      0x36e _build/nrf52832_xxaa_app_util_platform.c.o
 .debug_str     0x0000000000000000      0xb98 _build/nrf52832_xxaa_app_util_platform.c.o
 .comment       0x0000000000000000       0x80 _build/nrf52832_xxaa_app_util_platform.c.o
 .debug_frame   0x0000000000000000      0x10c _build/nrf52832_xxaa_app_util_platform.c.o
 .ARM.attributes
                0x0000000000000000       0x39 _build/nrf52832_xxaa_app_util_platform.c.o
 .text          0x0000000000000000        0x0 _build/nrf52832_xxaa_hardfault_implementation.c.o
 .data          0x0000000000000000        0x0 _build/nrf52832_xxaa_hardfault_implementation.c.o
 .bss           0x0000000000000000        0x0 _build/nrf52832_xxaa_hardfault_implementation.c.o
 .debug_info    0x0000000000000000      0x8eb _build/nrf52832_xxaa_hardfault_implementation.c.o
 .debug_abbrev  0x0000000000000000      0x192 _build/nrf52832_xxaa_hardfault_implementation.c.o
 .debug_aranges
                0x0000000000000000       0x18 _build/nrf52832_xxaa_hardfault_implementation.c.o
 .debug_line    0x0000000000000000      0x24f _build/nrf52832_xxaa_hardfault_implementation.c.o
 .debug_str     0x0000000000000000      0x668 _build/nrf52832_xxaa_hardfault_implementation.c.o
 .comment       0x0000000000000000       0x80 _build/nrf52832_xxaa_hardfault_implementation.c.o
 .ARM.attributes
                0x0000000000000000       0x39 _build/nrf52832_xxaa_hardfault_implementation.c.o
 .text          0x0000000000000000        0x0 _build/nrf52832_xxaa_nrf_assert.c.o
 .data          0x0000000000000000        0x0 _build/nrf52832_xxaa_nrf_assert.c.o
 .bss           0x0000000000000000        0x0 _build/nrf52832_xxaa_nrf_assert.c.o
 .text.assert_nrf_callback
                0x0000000000000000       0x2c _build/nrf52832_xxaa_nrf_assert.c.o
 .debug_info    0x0000000000000000      0x97c _build/nrf52832_xxaa_nrf_assert.c.o
 .debug_abbrev  0x0000000000000000      0x1cc _build/nrf52832_xxaa_nrf_assert.c.o
 .debug_aranges
                0x0000000000000000       0x20 _build/nrf52832_xxaa_nrf_assert.c.o
 .debug_ranges  0x0000000000000000       0x10 _build/nrf52832_xxaa_nrf_assert.c.o
 .debug_line    0x0000000000000000      0x272 _build/nrf52832_xxaa_nrf_assert.c.o
 .debug_str     0x0000000000000000      0x6b0 _build/nrf52832_xxaa_nrf_assert.c.o
 .comment       0x0000000000000000       0x80 _build/nrf52832_xxaa_nrf_assert.c.o
 .debug_frame   0x0000000000000000       0x34 _build/nrf52832_xxaa_nrf_assert.c.o
 .ARM.attributes
                0x0000000000000000       0x39 _build/nrf52832_xxaa_nrf_assert.c.o
 .text          0x0000000000000000        0x0 _build/nrf52832_xxaa_nrf_strerror.c.o
 .data          0x0000000000000000        0x0 _build/nrf52832_xxaa_nrf_strerror.c.o
 .bss           0x0000000000000000        0x0 _build/nrf52832_xxaa_nrf_strerror.c.o
 .rodata.m_unknown_str
                0x0000000000000000       0x13 _build/nrf52832_xxaa_nrf_strerror.c.o
 .rodata        0x0000000000000000      0x308 _build/nrf52832_xxaa_nrf_strerror.c.o
 .rodata.nrf_strerror_array
                0x0000000000000000       0xf0 _build/nrf52832_xxaa_nrf_strerror.c.o
 .text.nrf_strerror_get
                0x0000000000000000       0x28 _build/nrf52832_xxaa_nrf_strerror.c.o
 .text.nrf_strerror_find
                0x0000000000000000       0x70 _build/nrf52832_xxaa_nrf_strerror.c.o
 .debug_info    0x0000000000000000      0xa1d _build/nrf52832_xxaa_nrf_strerror.c.o
 .debug_abbrev  0x0000000000000000      0x1f3 _build/nrf52832_xxaa_nrf_strerror.c.o
 .debug_aranges
                0x0000000000000000       0x28 _build/nrf52832_xxaa_nrf_strerror.c.o
 .debug_ranges  0x0000000000000000       0x18 _build/nrf52832_xxaa_nrf_strerror.c.o
 .debug_line    0x0000000000000000      0x2e5 _build/nrf52832_xxaa_nrf_strerror.c.o
 .debug_str     0x0000000000000000      0x6e8 _build/nrf52832_xxaa_nrf_strerror.c.o
 .comment       0x0000000000000000       0x80 _build/nrf52832_xxaa_nrf_strerror.c.o
 .debug_frame   0x0000000000000000       0x5c _build/nrf52832_xxaa_nrf_strerror.c.o
 .ARM.attributes
                0x0000000000000000       0x39 _build/nrf52832_xxaa_nrf_strerror.c.o
 .text          0x0000000000000000        0x0 _build/nrf52832_xxaa_nrf_drv_clock.c.o
 .data          0x0000000000000000        0x0 _build/nrf52832_xxaa_nrf_drv_clock.c.o
 .bss           0x0000000000000000        0x0 _build/nrf52832_xxaa_nrf_drv_clock.c.o
 .text.nrf_clock_int_enable
                0x0000000000000000       0x1e _build/nrf52832_xxaa_nrf_drv_clock.c.o
 .text.nrf_clock_task_trigger
                0x0000000000000000       0x20 _build/nrf52832_xxaa_nrf_drv_clock.c.o
 .text.nrf_clock_lf_src_set
                0x0000000000000000       0x24 _build/nrf52832_xxaa_nrf_drv_clock.c.o
 .text.nrf_clock_lf_is_running
                0x0000000000000000       0x26 _build/nrf52832_xxaa_nrf_drv_clock.c.o
 .text.nrf_clock_hf_is_running
                0x0000000000000000       0x32 _build/nrf52832_xxaa_nrf_drv_clock.c.o
 .text.nrf_drv_common_irq_enable_check
                0x0000000000000000       0x40 _build/nrf52832_xxaa_nrf_drv_clock.c.o
 .text.nrf_drv_common_power_clock_irq_init
                0x0000000000000000       0x22 _build/nrf52832_xxaa_nrf_drv_clock.c.o
 .text.lfclk_start
                0x0000000000000000       0x1c _build/nrf52832_xxaa_nrf_drv_clock.c.o
 .text.lfclk_stop
                0x0000000000000000       0x24 _build/nrf52832_xxaa_nrf_drv_clock.c.o
 .text.hfclk_start
                0x0000000000000000       0x1c _build/nrf52832_xxaa_nrf_drv_clock.c.o
 .text.hfclk_stop
                0x0000000000000000       0x28 _build/nrf52832_xxaa_nrf_drv_clock.c.o
 .text.nrf_drv_clock_init_check
                0x0000000000000000       0x18 _build/nrf52832_xxaa_nrf_drv_clock.c.o
 .text.nrf_drv_clock_init
                0x0000000000000000       0x50 _build/nrf52832_xxaa_nrf_drv_clock.c.o
 .text.nrf_drv_clock_uninit
                0x0000000000000000       0x28 _build/nrf52832_xxaa_nrf_drv_clock.c.o
 .text.item_enqueue
                0x0000000000000000       0x42 _build/nrf52832_xxaa_nrf_drv_clock.c.o
 .text.nrf_drv_clock_lfclk_request
                0x0000000000000000       0x78 _build/nrf52832_xxaa_nrf_drv_clock.c.o
 .text.nrf_drv_clock_lfclk_release
                0x0000000000000000       0x30 _build/nrf52832_xxaa_nrf_drv_clock.c.o
 .text.nrf_drv_clock_lfclk_is_running
                0x0000000000000000        0xe _build/nrf52832_xxaa_nrf_drv_clock.c.o
 .text.nrf_drv_clock_hfclk_request
                0x0000000000000000       0x78 _build/nrf52832_xxaa_nrf_drv_clock.c.o
 .text.nrf_drv_clock_hfclk_release
                0x0000000000000000       0x30 _build/nrf52832_xxaa_nrf_drv_clock.c.o
 .text.nrf_drv_clock_hfclk_is_running
                0x0000000000000000       0x10 _build/nrf52832_xxaa_nrf_drv_clock.c.o
 .text.nrf_drv_clock_calibration_start
                0x0000000000000000       0x22 _build/nrf52832_xxaa_nrf_drv_clock.c.o
 .text.nrf_drv_clock_calibration_abort
                0x0000000000000000       0x1c _build/nrf52832_xxaa_nrf_drv_clock.c.o
 .text.nrf_drv_clock_is_calibrating
                0x0000000000000000       0x1e _build/nrf52832_xxaa_nrf_drv_clock.c.o
 .text          0x0000000000000000        0x0 _build/nrf52832_xxaa_nrf_drv_common.c.o
 .data          0x0000000000000000        0x0 _build/nrf52832_xxaa_nrf_drv_common.c.o
 .bss           0x0000000000000000        0x0 _build/nrf52832_xxaa_nrf_drv_common.c.o
 .text.NVIC_EnableIRQ
                0x0000000000000000       0x34 _build/nrf52832_xxaa_nrf_drv_common.c.o
 .text.NVIC_DisableIRQ
                0x0000000000000000       0x34 _build/nrf52832_xxaa_nrf_drv_common.c.o
 .text.NVIC_ClearPendingIRQ
                0x0000000000000000       0x34 _build/nrf52832_xxaa_nrf_drv_common.c.o
 .text.NVIC_SetPriority
                0x0000000000000000       0x54 _build/nrf52832_xxaa_nrf_drv_common.c.o
 .text.nrf_drv_common_irq_disable
                0x0000000000000000       0x1c _build/nrf52832_xxaa_nrf_drv_common.c.o
 .text.nrf_drv_common_clock_irq_disable
                0x0000000000000000        0xe _build/nrf52832_xxaa_nrf_drv_common.c.o
 .text.nrf_drv_common_irq_enable
                0x0000000000000000       0x3a _build/nrf52832_xxaa_nrf_drv_common.c.o
 .debug_info    0x0000000000000000      0xe2d _build/nrf52832_xxaa_nrf_drv_common.c.o
 .debug_abbrev  0x0000000000000000      0x272 _build/nrf52832_xxaa_nrf_drv_common.c.o
 .debug_aranges
                0x0000000000000000       0x50 _build/nrf52832_xxaa_nrf_drv_common.c.o
 .debug_ranges  0x0000000000000000       0x40 _build/nrf52832_xxaa_nrf_drv_common.c.o
 .debug_line    0x0000000000000000      0x35f _build/nrf52832_xxaa_nrf_drv_common.c.o
 .debug_str     0x0000000000000000      0xa7c _build/nrf52832_xxaa_nrf_drv_common.c.o
 .comment       0x0000000000000000       0x80 _build/nrf52832_xxaa_nrf_drv_common.c.o
 .debug_frame   0x0000000000000000      0x114 _build/nrf52832_xxaa_nrf_drv_common.c.o
 .ARM.attributes
                0x0000000000000000       0x39 _build/nrf52832_xxaa_nrf_drv_common.c.o
 .text          0x0000000000000000        0x0 _build/nrf52832_xxaa_nrf_drv_uart.c.o
 .data          0x0000000000000000        0x0 _build/nrf52832_xxaa_nrf_drv_uart.c.o
 .bss           0x0000000000000000        0x0 _build/nrf52832_xxaa_nrf_drv_uart.c.o
 .text.NVIC_DisableIRQ
                0x0000000000000000       0x34 _build/nrf52832_xxaa_nrf_drv_uart.c.o
 .text.nrf_uart_int_enable
                0x0000000000000000       0x1e _build/nrf52832_xxaa_nrf_drv_uart.c.o
 .text.nrf_uart_enable
                0x0000000000000000       0x1c _build/nrf52832_xxaa_nrf_drv_uart.c.o
 .text.nrf_uart_disable
                0x0000000000000000       0x1c _build/nrf52832_xxaa_nrf_drv_uart.c.o
 .text.nrf_uart_txrx_pins_set
                0x0000000000000000       0x28 _build/nrf52832_xxaa_nrf_drv_uart.c.o
 .text.nrf_uart_txrx_pins_disconnect
                0x0000000000000000       0x1e _build/nrf52832_xxaa_nrf_drv_uart.c.o
 .text.nrf_uart_tx_pin_get
                0x0000000000000000       0x1a _build/nrf52832_xxaa_nrf_drv_uart.c.o
 .text.nrf_uart_rx_pin_get
                0x0000000000000000       0x1a _build/nrf52832_xxaa_nrf_drv_uart.c.o
 .text.nrf_uart_rts_pin_get
                0x0000000000000000       0x1a _build/nrf52832_xxaa_nrf_drv_uart.c.o
 .text.nrf_uart_cts_pin_get
                0x0000000000000000       0x1a _build/nrf52832_xxaa_nrf_drv_uart.c.o
 .text.nrf_uart_hwfc_pins_set
                0x0000000000000000       0x28 _build/nrf52832_xxaa_nrf_drv_uart.c.o
 .text.nrf_uart_hwfc_pins_disconnect
                0x0000000000000000       0x1e _build/nrf52832_xxaa_nrf_drv_uart.c.o
 .text.nrf_uart_configure
                0x0000000000000000       0x2c _build/nrf52832_xxaa_nrf_drv_uart.c.o
 .text.nrf_uart_baudrate_set
                0x0000000000000000       0x1e _build/nrf52832_xxaa_nrf_drv_uart.c.o
 .text.nrf_uarte_shorts_enable
                0x0000000000000000       0x26 _build/nrf52832_xxaa_nrf_drv_uart.c.o
 .text.nrf_uarte_int_enable
                0x0000000000000000       0x1e _build/nrf52832_xxaa_nrf_drv_uart.c.o
 .text.nrf_uarte_int_disable
                0x0000000000000000       0x1e _build/nrf52832_xxaa_nrf_drv_uart.c.o
 .text.nrf_uarte_enable
                0x0000000000000000       0x1c _build/nrf52832_xxaa_nrf_drv_uart.c.o
 .text.nrf_uarte_disable
                0x0000000000000000       0x1c _build/nrf52832_xxaa_nrf_drv_uart.c.o
 .text.nrf_uarte_txrx_pins_set
                0x0000000000000000       0x28 _build/nrf52832_xxaa_nrf_drv_uart.c.o
 .text.nrf_uarte_txrx_pins_disconnect
                0x0000000000000000       0x1e _build/nrf52832_xxaa_nrf_drv_uart.c.o
 .text.nrf_uarte_tx_pin_get
                0x0000000000000000       0x1a _build/nrf52832_xxaa_nrf_drv_uart.c.o
 .text.nrf_uarte_rx_pin_get
                0x0000000000000000       0x1a _build/nrf52832_xxaa_nrf_drv_uart.c.o
 .text.nrf_uarte_rts_pin_get
                0x0000000000000000       0x1a _build/nrf52832_xxaa_nrf_drv_uart.c.o
 .text.nrf_uarte_cts_pin_get
                0x0000000000000000       0x1a _build/nrf52832_xxaa_nrf_drv_uart.c.o
 .text.nrf_uarte_hwfc_pins_set
                0x0000000000000000       0x28 _build/nrf52832_xxaa_nrf_drv_uart.c.o
 .text.nrf_uarte_hwfc_pins_disconnect
                0x0000000000000000       0x1e _build/nrf52832_xxaa_nrf_drv_uart.c.o
 .text.nrf_uarte_task_trigger
                0x0000000000000000       0x22 _build/nrf52832_xxaa_nrf_drv_uart.c.o
 .text.nrf_uarte_configure
                0x0000000000000000       0x2c _build/nrf52832_xxaa_nrf_drv_uart.c.o
 .text.nrf_uarte_baudrate_set
                0x0000000000000000       0x1e _build/nrf52832_xxaa_nrf_drv_uart.c.o
 .text.nrf_uarte_tx_buffer_set
                0x0000000000000000       0x2a _build/nrf52832_xxaa_nrf_drv_uart.c.o
 .text.nrf_uarte_rx_buffer_set
                0x0000000000000000       0x2a _build/nrf52832_xxaa_nrf_drv_uart.c.o
 .text.nrf_drv_common_irq_disable
                0x0000000000000000       0x1c _build/nrf52832_xxaa_nrf_drv_uart.c.o
 .text.nrf_drv_get_IRQn
                0x0000000000000000       0x1e _build/nrf52832_xxaa_nrf_drv_uart.c.o
 .text.nrf_drv_is_in_RAM
                0x0000000000000000       0x26 _build/nrf52832_xxaa_nrf_drv_uart.c.o
 .text.nrf_gpio_pin_port_decode
                0x0000000000000000       0x18 _build/nrf52832_xxaa_nrf_drv_uart.c.o
 .text.nrf_gpio_cfg
                0x0000000000000000       0x52 _build/nrf52832_xxaa_nrf_drv_uart.c.o
 .text.nrf_gpio_cfg_output
                0x0000000000000000       0x24 _build/nrf52832_xxaa_nrf_drv_uart.c.o
 .text.nrf_gpio_cfg_input
                0x0000000000000000       0x2a _build/nrf52832_xxaa_nrf_drv_uart.c.o
 .text.nrf_gpio_cfg_default
                0x0000000000000000       0x24 _build/nrf52832_xxaa_nrf_drv_uart.c.o
 .text.nrf_gpio_pin_set
                0x0000000000000000       0x2a _build/nrf52832_xxaa_nrf_drv_uart.c.o
 .text.nrf_gpio_port_out_set
                0x0000000000000000       0x1e _build/nrf52832_xxaa_nrf_drv_uart.c.o
 .text.apply_config
                0x0000000000000000      0x164 _build/nrf52832_xxaa_nrf_drv_uart.c.o
 .text.interrupts_enable
                0x0000000000000000       0xd0 _build/nrf52832_xxaa_nrf_drv_uart.c.o
 .text.interrupts_disable
                0x0000000000000000       0x6c _build/nrf52832_xxaa_nrf_drv_uart.c.o
 .text.pins_to_default
                0x0000000000000000       0xe8 _build/nrf52832_xxaa_nrf_drv_uart.c.o
 .text.uart_enable
                0x0000000000000000       0x3c _build/nrf52832_xxaa_nrf_drv_uart.c.o
 .text.uart_disable
                0x0000000000000000       0x3c _build/nrf52832_xxaa_nrf_drv_uart.c.o
 .text.nrf_drv_uart_init
                0x0000000000000000       0x90 _build/nrf52832_xxaa_nrf_drv_uart.c.o
 .text.nrf_drv_uart_uninit
                0x0000000000000000       0x48 _build/nrf52832_xxaa_nrf_drv_uart.c.o
 .text.nrf_drv_uart_tx_for_uart
                0x0000000000000000       0xe8 _build/nrf52832_xxaa_nrf_drv_uart.c.o
 .text.nrf_drv_uart_tx_for_uarte
                0x0000000000000000       0xb4 _build/nrf52832_xxaa_nrf_drv_uart.c.o
 .text.nrf_drv_uart_tx
                0x0000000000000000       0x9c _build/nrf52832_xxaa_nrf_drv_uart.c.o
 .text.nrf_drv_uart_tx_in_progress
                0x0000000000000000       0x30 _build/nrf52832_xxaa_nrf_drv_uart.c.o
 .text.rx_enable
                0x0000000000000000       0x38 _build/nrf52832_xxaa_nrf_drv_uart.c.o
 .text.nrf_drv_uart_rx_for_uart
                0x0000000000000000      0x140 _build/nrf52832_xxaa_nrf_drv_uart.c.o
 .text.nrf_drv_uart_rx_for_uarte
                0x0000000000000000      0x118 _build/nrf52832_xxaa_nrf_drv_uart.c.o
 .text.nrf_drv_uart_rx
                0x0000000000000000      0x144 _build/nrf52832_xxaa_nrf_drv_uart.c.o
 .text.nrf_drv_uart_rx_ready
                0x0000000000000000       0x48 _build/nrf52832_xxaa_nrf_drv_uart.c.o
 .text.nrf_drv_uart_rx_enable
                0x0000000000000000       0x54 _build/nrf52832_xxaa_nrf_drv_uart.c.o
 .text.nrf_drv_uart_rx_disable
                0x0000000000000000       0x44 _build/nrf52832_xxaa_nrf_drv_uart.c.o
 .text.nrf_drv_uart_errorsrc_get
                0x0000000000000000       0x60 _build/nrf52832_xxaa_nrf_drv_uart.c.o
 .text.nrf_drv_uart_tx_abort
                0x0000000000000000       0xa0 _build/nrf52832_xxaa_nrf_drv_uart.c.o
 .text.nrf_drv_uart_rx_abort
                0x0000000000000000       0x50 _build/nrf52832_xxaa_nrf_drv_uart.c.o
 .text          0x0000000000000000        0x0 _build/nrf52832_xxaa_nrf_nvic.c.o
 .data          0x0000000000000000        0x0 _build/nrf52832_xxaa_nrf_nvic.c.o
 .bss           0x0000000000000000        0x0 _build/nrf52832_xxaa_nrf_nvic.c.o
 .text.NVIC_EnableIRQ
                0x0000000000000000       0x34 _build/nrf52832_xxaa_nrf_nvic.c.o
 .text.NVIC_DisableIRQ
                0x0000000000000000       0x34 _build/nrf52832_xxaa_nrf_nvic.c.o
 .text.NVIC_GetPendingIRQ
                0x0000000000000000       0x38 _build/nrf52832_xxaa_nrf_nvic.c.o
 .text.NVIC_SetPendingIRQ
                0x0000000000000000       0x34 _build/nrf52832_xxaa_nrf_nvic.c.o
 .text.NVIC_ClearPendingIRQ
                0x0000000000000000       0x34 _build/nrf52832_xxaa_nrf_nvic.c.o
 .text.NVIC_SetPriority
                0x0000000000000000       0x54 _build/nrf52832_xxaa_nrf_nvic.c.o
 .text.NVIC_GetPriority
                0x0000000000000000       0x50 _build/nrf52832_xxaa_nrf_nvic.c.o
 .text.NVIC_SystemReset
                0x0000000000000000       0x28 _build/nrf52832_xxaa_nrf_nvic.c.o
 .bss.m_in_critical_region
                0x0000000000000000        0x1 _build/nrf52832_xxaa_nrf_nvic.c.o
 .text.sd_nvic_EnableIRQ
                0x0000000000000000       0x1e _build/nrf52832_xxaa_nrf_nvic.c.o
 .text.sd_nvic_DisableIRQ
                0x0000000000000000       0x1e _build/nrf52832_xxaa_nrf_nvic.c.o
 .text.sd_nvic_GetPendingIRQ
                0x0000000000000000       0x30 _build/nrf52832_xxaa_nrf_nvic.c.o
 .text.sd_nvic_SetPendingIRQ
                0x0000000000000000       0x1e _build/nrf52832_xxaa_nrf_nvic.c.o
 .text.sd_nvic_ClearPendingIRQ
                0x0000000000000000       0x1e _build/nrf52832_xxaa_nrf_nvic.c.o
 .text.sd_nvic_SetPriority
                0x0000000000000000       0x22 _build/nrf52832_xxaa_nrf_nvic.c.o
 .text.sd_nvic_GetPriority
                0x0000000000000000       0x30 _build/nrf52832_xxaa_nrf_nvic.c.o
 .text.sd_nvic_SystemReset
                0x0000000000000000        0xe _build/nrf52832_xxaa_nrf_nvic.c.o
 .text.sd_nvic_critical_region_enter
                0x0000000000000000       0x3c _build/nrf52832_xxaa_nrf_nvic.c.o
 .text.sd_nvic_critical_region_exit
                0x0000000000000000       0x38 _build/nrf52832_xxaa_nrf_nvic.c.o
 .debug_info    0x0000000000000000     0x105d _build/nrf52832_xxaa_nrf_nvic.c.o
 .debug_abbrev  0x0000000000000000      0x2d8 _build/nrf52832_xxaa_nrf_nvic.c.o
 .debug_aranges
                0x0000000000000000       0xa8 _build/nrf52832_xxaa_nrf_nvic.c.o
 .debug_ranges  0x0000000000000000       0x98 _build/nrf52832_xxaa_nrf_nvic.c.o
 .debug_line    0x0000000000000000      0x437 _build/nrf52832_xxaa_nrf_nvic.c.o
 .debug_str     0x0000000000000000      0xbad _build/nrf52832_xxaa_nrf_nvic.c.o
 .comment       0x0000000000000000       0x80 _build/nrf52832_xxaa_nrf_nvic.c.o
 .debug_frame   0x0000000000000000      0x2a8 _build/nrf52832_xxaa_nrf_nvic.c.o
 .ARM.attributes
                0x0000000000000000       0x39 _build/nrf52832_xxaa_nrf_nvic.c.o
 .text          0x0000000000000000        0x0 _build/nrf52832_xxaa_nrf_soc.c.o
 .data          0x0000000000000000        0x0 _build/nrf52832_xxaa_nrf_soc.c.o
 .bss           0x0000000000000000        0x0 _build/nrf52832_xxaa_nrf_soc.c.o
 .text.sd_app_evt_wait
                0x0000000000000000       0x12 _build/nrf52832_xxaa_nrf_soc.c.o
 .debug_info    0x0000000000000000      0x90f _build/nrf52832_xxaa_nrf_soc.c.o
 .debug_abbrev  0x0000000000000000      0x1d0 _build/nrf52832_xxaa_nrf_soc.c.o
 .debug_aranges
                0x0000000000000000       0x20 _build/nrf52832_xxaa_nrf_soc.c.o
 .debug_ranges  0x0000000000000000       0x10 _build/nrf52832_xxaa_nrf_soc.c.o
 .debug_line    0x0000000000000000      0x283 _build/nrf52832_xxaa_nrf_soc.c.o
 .debug_str     0x0000000000000000      0x65a _build/nrf52832_xxaa_nrf_soc.c.o
 .comment       0x0000000000000000       0x80 _build/nrf52832_xxaa_nrf_soc.c.o
 .debug_frame   0x0000000000000000       0x30 _build/nrf52832_xxaa_nrf_soc.c.o
 .ARM.attributes
                0x0000000000000000       0x39 _build/nrf52832_xxaa_nrf_soc.c.o
 .text          0x0000000000000000        0x0 _build/nrf52832_xxaa_main.c.o
 .data          0x0000000000000000        0x0 _build/nrf52832_xxaa_main.c.o
 .bss           0x0000000000000000        0x0 _build/nrf52832_xxaa_main.c.o
 .text          0x0000000000000000        0x0 _build/nrf52832_xxaa_RTT_Syscalls_GCC.c.o
 .data          0x0000000000000000        0x0 _build/nrf52832_xxaa_RTT_Syscalls_GCC.c.o
 .bss           0x0000000000000000        0x0 _build/nrf52832_xxaa_RTT_Syscalls_GCC.c.o
 .debug_line    0x0000000000000000        0x0 _build/nrf52832_xxaa_RTT_Syscalls_GCC.c.o
 .debug_str     0x0000000000000000      0x18c _build/nrf52832_xxaa_RTT_Syscalls_GCC.c.o
 .comment       0x0000000000000000       0x80 _build/nrf52832_xxaa_RTT_Syscalls_GCC.c.o
 .ARM.attributes
                0x0000000000000000       0x39 _build/nrf52832_xxaa_RTT_Syscalls_GCC.c.o
 .text          0x0000000000000000        0x0 _build/nrf52832_xxaa_SEGGER_RTT.c.o
 .data          0x0000000000000000        0x0 _build/nrf52832_xxaa_SEGGER_RTT.c.o
 .bss           0x0000000000000000        0x0 _build/nrf52832_xxaa_SEGGER_RTT.c.o
 .data._aTerminalId
                0x0000000000000000       0x10 _build/nrf52832_xxaa_SEGGER_RTT.c.o
 .bss._acUpBuffer
                0x0000000000000000       0x40 _build/nrf52832_xxaa_SEGGER_RTT.c.o
 .bss._acDownBuffer
                0x0000000000000000       0x10 _build/nrf52832_xxaa_SEGGER_RTT.c.o
 .bss._ActiveTerminal
                0x0000000000000000        0x1 _build/nrf52832_xxaa_SEGGER_RTT.c.o
 .rodata        0x0000000000000000       0x17 _build/nrf52832_xxaa_SEGGER_RTT.c.o
 .text._DoInit  0x0000000000000000       0x9c _build/nrf52832_xxaa_SEGGER_RTT.c.o
 .text._WriteBlocking
                0x0000000000000000       0xb4 _build/nrf52832_xxaa_SEGGER_RTT.c.o
 .text._WriteNoCheck
                0x0000000000000000       0x80 _build/nrf52832_xxaa_SEGGER_RTT.c.o
 .text._PostTerminalSwitch
                0x0000000000000000       0x34 _build/nrf52832_xxaa_SEGGER_RTT.c.o
 .text._GetAvailWriteSpace
                0x0000000000000000       0x46 _build/nrf52832_xxaa_SEGGER_RTT.c.o
 .text.SEGGER_RTT_ReadNoLock
                0x0000000000000000      0x104 _build/nrf52832_xxaa_SEGGER_RTT.c.o
 .text.SEGGER_RTT_Read
                0x0000000000000000       0x34 _build/nrf52832_xxaa_SEGGER_RTT.c.o
 .text.SEGGER_RTT_WriteSkipNoLock
                0x0000000000000000      0x120 _build/nrf52832_xxaa_SEGGER_RTT.c.o
 .text.SEGGER_RTT_WriteNoLock
                0x0000000000000000       0x9c _build/nrf52832_xxaa_SEGGER_RTT.c.o
 .text.SEGGER_RTT_Write
                0x0000000000000000       0x44 _build/nrf52832_xxaa_SEGGER_RTT.c.o
 .text.SEGGER_RTT_WriteString
                0x0000000000000000       0x26 _build/nrf52832_xxaa_SEGGER_RTT.c.o
 .text.SEGGER_RTT_GetKey
                0x0000000000000000       0x32 _build/nrf52832_xxaa_SEGGER_RTT.c.o
 .text.SEGGER_RTT_WaitKey
                0x0000000000000000       0x1c _build/nrf52832_xxaa_SEGGER_RTT.c.o
 .text.SEGGER_RTT_HasKey
                0x0000000000000000       0x3c _build/nrf52832_xxaa_SEGGER_RTT.c.o
 .text.SEGGER_RTT_HasData
                0x0000000000000000       0x38 _build/nrf52832_xxaa_SEGGER_RTT.c.o
 .text.SEGGER_RTT_ConfigUpBuffer
                0x0000000000000000       0xd4 _build/nrf52832_xxaa_SEGGER_RTT.c.o
 .text.SEGGER_RTT_ConfigDownBuffer
                0x0000000000000000       0xd0 _build/nrf52832_xxaa_SEGGER_RTT.c.o
 .text.SEGGER_RTT_SetNameUpBuffer
                0x0000000000000000       0x64 _build/nrf52832_xxaa_SEGGER_RTT.c.o
 .text.SEGGER_RTT_SetNameDownBuffer
                0x0000000000000000       0x64 _build/nrf52832_xxaa_SEGGER_RTT.c.o
 .text.SEGGER_RTT_Init
                0x0000000000000000       0x18 _build/nrf52832_xxaa_SEGGER_RTT.c.o
 .text.SEGGER_RTT_SetTerminal
                0x0000000000000000       0xb0 _build/nrf52832_xxaa_SEGGER_RTT.c.o
 .text.SEGGER_RTT_TerminalOut
                0x0000000000000000      0x11c _build/nrf52832_xxaa_SEGGER_RTT.c.o
 .debug_info    0x0000000000000000     0x125c _build/nrf52832_xxaa_SEGGER_RTT.c.o
 .debug_abbrev  0x0000000000000000      0x2c5 _build/nrf52832_xxaa_SEGGER_RTT.c.o
 .debug_aranges
                0x0000000000000000       0xc8 _build/nrf52832_xxaa_SEGGER_RTT.c.o
 .debug_ranges  0x0000000000000000       0xb8 _build/nrf52832_xxaa_SEGGER_RTT.c.o
 .debug_line    0x0000000000000000      0x51d _build/nrf52832_xxaa_SEGGER_RTT.c.o
 .debug_str     0x0000000000000000      0x95b _build/nrf52832_xxaa_SEGGER_RTT.c.o
 .comment       0x0000000000000000       0x80 _build/nrf52832_xxaa_SEGGER_RTT.c.o
 .debug_frame   0x0000000000000000      0x328 _build/nrf52832_xxaa_SEGGER_RTT.c.o
 .ARM.attributes
                0x0000000000000000       0x39 _build/nrf52832_xxaa_SEGGER_RTT.c.o
 COMMON         0x0000000000000000       0x78 _build/nrf52832_xxaa_SEGGER_RTT.c.o
 .text          0x0000000000000000        0x0 _build/nrf52832_xxaa_SEGGER_RTT_printf.c.o
 .data          0x0000000000000000        0x0 _build/nrf52832_xxaa_SEGGER_RTT_printf.c.o
 .bss           0x0000000000000000        0x0 _build/nrf52832_xxaa_SEGGER_RTT_printf.c.o
 .debug_line    0x0000000000000000        0x0 _build/nrf52832_xxaa_SEGGER_RTT_printf.c.o
 .debug_str     0x0000000000000000      0x18d _build/nrf52832_xxaa_SEGGER_RTT_printf.c.o
 .comment       0x0000000000000000       0x80 _build/nrf52832_xxaa_SEGGER_RTT_printf.c.o
 .ARM.attributes
                0x0000000000000000       0x39 _build/nrf52832_xxaa_SEGGER_RTT_printf.c.o
 .data          0x0000000000000000        0x0 _build/nrf52832_xxaa_gcc_startup_nrf52.S.o
 .bss           0x0000000000000000        0x0 _build/nrf52832_xxaa_gcc_startup_nrf52.S.o
 .text          0x0000000000000000        0x0 _build/nrf52832_xxaa_system_nrf52.c.o
 .data          0x0000000000000000        0x0 _build/nrf52832_xxaa_system_nrf52.c.o
 .bss           0x0000000000000000        0x0 _build/nrf52832_xxaa_system_nrf52.c.o
 .text          0x0000000000000000        0x0 /Users/rtone-badr/Desktop/Projects/gcc-arm-none-eabi-6-2017-q1-update/bin/../lib/gcc/arm-none-eabi/6.3.1/../../../../arm-none-eabi/lib/thumb/v7e-m/fpv4-sp/hard/libc_nano.a(lib_a-memcpy-stub.o)
 .data          0x0000000000000000        0x0 /Users/rtone-badr/Desktop/Projects/gcc-arm-none-eabi-6-2017-q1-update/bin/../lib/gcc/arm-none-eabi/6.3.1/../../../../arm-none-eabi/lib/thumb/v7e-m/fpv4-sp/hard/libc_nano.a(lib_a-memcpy-stub.o)
 .bss           0x0000000000000000        0x0 /Users/rtone-badr/Desktop/Projects/gcc-arm-none-eabi-6-2017-q1-update/bin/../lib/gcc/arm-none-eabi/6.3.1/../../../../arm-none-eabi/lib/thumb/v7e-m/fpv4-sp/hard/libc_nano.a(lib_a-memcpy-stub.o)
 .text.memcpy   0x0000000000000000       0x16 /Users/rtone-badr/Desktop/Projects/gcc-arm-none-eabi-6-2017-q1-update/bin/../lib/gcc/arm-none-eabi/6.3.1/../../../../arm-none-eabi/lib/thumb/v7e-m/fpv4-sp/hard/libc_nano.a(lib_a-memcpy-stub.o)
 .debug_frame   0x0000000000000000       0x28 /Users/rtone-badr/Desktop/Projects/gcc-arm-none-eabi-6-2017-q1-update/bin/../lib/gcc/arm-none-eabi/6.3.1/../../../../arm-none-eabi/lib/thumb/v7e-m/fpv4-sp/hard/libc_nano.a(lib_a-memcpy-stub.o)
 .ARM.attributes
                0x0000000000000000       0x34 /Users/rtone-badr/Desktop/Projects/gcc-arm-none-eabi-6-2017-q1-update/bin/../lib/gcc/arm-none-eabi/6.3.1/../../../../arm-none-eabi/lib/thumb/v7e-m/fpv4-sp/hard/libc_nano.a(lib_a-memcpy-stub.o)
 .text          0x0000000000000000        0x0 /Users/rtone-badr/Desktop/Projects/gcc-arm-none-eabi-6-2017-q1-update/bin/../lib/gcc/arm-none-eabi/6.3.1/../../../../arm-none-eabi/lib/thumb/v7e-m/fpv4-sp/hard/libc_nano.a(lib_a-strcpy.o)
 .data          0x0000000000000000        0x0 /Users/rtone-badr/Desktop/Projects/gcc-arm-none-eabi-6-2017-q1-update/bin/../lib/gcc/arm-none-eabi/6.3.1/../../../../arm-none-eabi/lib/thumb/v7e-m/fpv4-sp/hard/libc_nano.a(lib_a-strcpy.o)
 .bss           0x0000000000000000        0x0 /Users/rtone-badr/Desktop/Projects/gcc-arm-none-eabi-6-2017-q1-update/bin/../lib/gcc/arm-none-eabi/6.3.1/../../../../arm-none-eabi/lib/thumb/v7e-m/fpv4-sp/hard/libc_nano.a(lib_a-strcpy.o)
 .text.strcpy   0x0000000000000000       0x10 /Users/rtone-badr/Desktop/Projects/gcc-arm-none-eabi-6-2017-q1-update/bin/../lib/gcc/arm-none-eabi/6.3.1/../../../../arm-none-eabi/lib/thumb/v7e-m/fpv4-sp/hard/libc_nano.a(lib_a-strcpy.o)
 .debug_frame   0x0000000000000000       0x20 /Users/rtone-badr/Desktop/Projects/gcc-arm-none-eabi-6-2017-q1-update/bin/../lib/gcc/arm-none-eabi/6.3.1/../../../../arm-none-eabi/lib/thumb/v7e-m/fpv4-sp/hard/libc_nano.a(lib_a-strcpy.o)
 .ARM.attributes
                0x0000000000000000       0x34 /Users/rtone-badr/Desktop/Projects/gcc-arm-none-eabi-6-2017-q1-update/bin/../lib/gcc/arm-none-eabi/6.3.1/../../../../arm-none-eabi/lib/thumb/v7e-m/fpv4-sp/hard/libc_nano.a(lib_a-strcpy.o)
 .text          0x0000000000000000       0x10 /Users/rtone-badr/Desktop/Projects/gcc-arm-none-eabi-6-2017-q1-update/bin/../lib/gcc/arm-none-eabi/6.3.1/../../../../arm-none-eabi/lib/thumb/v7e-m/fpv4-sp/hard/libc_nano.a(lib_a-strlen.o)
 .data          0x0000000000000000        0x0 /Users/rtone-badr/Desktop/Projects/gcc-arm-none-eabi-6-2017-q1-update/bin/../lib/gcc/arm-none-eabi/6.3.1/../../../../arm-none-eabi/lib/thumb/v7e-m/fpv4-sp/hard/libc_nano.a(lib_a-strlen.o)
 .bss           0x0000000000000000        0x0 /Users/rtone-badr/Desktop/Projects/gcc-arm-none-eabi-6-2017-q1-update/bin/../lib/gcc/arm-none-eabi/6.3.1/../../../../arm-none-eabi/lib/thumb/v7e-m/fpv4-sp/hard/libc_nano.a(lib_a-strlen.o)
 .ARM.attributes
                0x0000000000000000       0x1b /Users/rtone-badr/Desktop/Projects/gcc-arm-none-eabi-6-2017-q1-update/bin/../lib/gcc/arm-none-eabi/6.3.1/../../../../arm-none-eabi/lib/thumb/v7e-m/fpv4-sp/hard/libc_nano.a(lib_a-strlen.o)
 .text          0x0000000000000000        0x0 /Users/rtone-badr/Desktop/Projects/gcc-arm-none-eabi-6-2017-q1-update/bin/../lib/gcc/arm-none-eabi/6.3.1/thumb/v7e-m/fpv4-sp/hard/crtend.o
 .data          0x0000000000000000        0x0 /Users/rtone-badr/Desktop/Projects/gcc-arm-none-eabi-6-2017-q1-update/bin/../lib/gcc/arm-none-eabi/6.3.1/thumb/v7e-m/fpv4-sp/hard/crtend.o
 .bss           0x0000000000000000        0x0 /Users/rtone-badr/Desktop/Projects/gcc-arm-none-eabi-6-2017-q1-update/bin/../lib/gcc/arm-none-eabi/6.3.1/thumb/v7e-m/fpv4-sp/hard/crtend.o
 .text          0x0000000000000000        0x0 /Users/rtone-badr/Desktop/Projects/gcc-arm-none-eabi-6-2017-q1-update/bin/../lib/gcc/arm-none-eabi/6.3.1/thumb/v7e-m/fpv4-sp/hard/crtn.o
 .data          0x0000000000000000        0x0 /Users/rtone-badr/Desktop/Projects/gcc-arm-none-eabi-6-2017-q1-update/bin/../lib/gcc/arm-none-eabi/6.3.1/thumb/v7e-m/fpv4-sp/hard/crtn.o
 .bss           0x0000000000000000        0x0 /Users/rtone-badr/Desktop/Projects/gcc-arm-none-eabi-6-2017-q1-update/bin/../lib/gcc/arm-none-eabi/6.3.1/thumb/v7e-m/fpv4-sp/hard/crtn.o

Memory Configuration

Name             Origin             Length             Attributes
FLASH            0x0000000000000000 0x0000000000080000 xr
RAM              0x0000000020000000 0x0000000000010000 xrw
*default*        0x0000000000000000 0xffffffffffffffff

Linker script and memory map


.text           0x0000000000000000     0x1d6c
 *(.isr_vector)
 .isr_vector    0x0000000000000000      0x200 _build/nrf52832_xxaa_gcc_startup_nrf52.S.o
                0x0000000000000000                __isr_vector
 *(.text*)
 .text          0x0000000000000200       0x6c /Users/rtone-badr/Desktop/Projects/gcc-arm-none-eabi-6-2017-q1-update/bin/../lib/gcc/arm-none-eabi/6.3.1/thumb/v7e-m/fpv4-sp/hard/crtbegin.o
 .text          0x000000000000026c       0x74 /Users/rtone-badr/Desktop/Projects/gcc-arm-none-eabi-6-2017-q1-update/bin/../lib/gcc/arm-none-eabi/6.3.1/../../../../arm-none-eabi/lib/thumb/v7e-m/fpv4-sp/hard/crt0.o
                0x000000000000026c                _mainCRTStartup
                0x000000000000026c                _start
 .text.exit     0x00000000000002e0       0x28 /Users/rtone-badr/Desktop/Projects/gcc-arm-none-eabi-6-2017-q1-update/bin/../lib/gcc/arm-none-eabi/6.3.1/../../../../arm-none-eabi/lib/thumb/v7e-m/fpv4-sp/hard/libc_nano.a(lib_a-exit.o)
                0x00000000000002e0                exit
 .text.__libc_init_array
                0x0000000000000308       0x48 /Users/rtone-badr/Desktop/Projects/gcc-arm-none-eabi-6-2017-q1-update/bin/../lib/gcc/arm-none-eabi/6.3.1/../../../../arm-none-eabi/lib/thumb/v7e-m/fpv4-sp/hard/libc_nano.a(lib_a-init.o)
                0x0000000000000308                __libc_init_array
 .text.memset   0x0000000000000350       0x10 /Users/rtone-badr/Desktop/Projects/gcc-arm-none-eabi-6-2017-q1-update/bin/../lib/gcc/arm-none-eabi/6.3.1/../../../../arm-none-eabi/lib/thumb/v7e-m/fpv4-sp/hard/libc_nano.a(lib_a-memset.o)
                0x0000000000000350                memset
 .text._exit    0x0000000000000360        0x4 /Users/rtone-badr/Desktop/Projects/gcc-arm-none-eabi-6-2017-q1-update/bin/../lib/gcc/arm-none-eabi/6.3.1/../../../../arm-none-eabi/lib/thumb/v7e-m/fpv4-sp/hard/libnosys.a(_exit.o)
                0x0000000000000360                _exit
 .text.nrf_gpio_pin_port_decode
                0x0000000000000364       0x18 _build/nrf52832_xxaa_boards.c.o
 .text.nrf_gpio_cfg
                0x000000000000037c       0x52 _build/nrf52832_xxaa_boards.c.o
 .text.nrf_gpio_cfg_output
                0x00000000000003ce       0x24 _build/nrf52832_xxaa_boards.c.o
 .text.nrf_gpio_pin_set
                0x00000000000003f2       0x2a _build/nrf52832_xxaa_boards.c.o
 .text.nrf_gpio_pin_clear
                0x000000000000041c       0x2a _build/nrf52832_xxaa_boards.c.o
 .text.nrf_gpio_pin_toggle
                0x0000000000000446       0x46 _build/nrf52832_xxaa_boards.c.o
 .text.nrf_gpio_pin_write
                0x000000000000048c       0x26 _build/nrf52832_xxaa_boards.c.o
 .text.nrf_gpio_port_out_set
                0x00000000000004b2       0x1e _build/nrf52832_xxaa_boards.c.o
 .text.nrf_gpio_port_out_clear
                0x00000000000004d0       0x1e _build/nrf52832_xxaa_boards.c.o
 *fill*         0x00000000000004ee        0x2 
 .text.bsp_board_led_off
                0x00000000000004f0       0x24 _build/nrf52832_xxaa_boards.c.o
                0x00000000000004f0                bsp_board_led_off
 .text.bsp_board_leds_off
                0x0000000000000514       0x26 _build/nrf52832_xxaa_boards.c.o
                0x0000000000000514                bsp_board_leds_off
 *fill*         0x000000000000053a        0x2 
 .text.bsp_board_led_invert
                0x000000000000053c       0x24 _build/nrf52832_xxaa_boards.c.o
                0x000000000000053c                bsp_board_led_invert
 .text.bsp_board_leds_init
                0x0000000000000560       0x38 _build/nrf52832_xxaa_boards.c.o
                0x0000000000000560                bsp_board_leds_init
 .text.NVIC_EnableIRQ
                0x0000000000000598       0x34 _build/nrf52832_xxaa_app_timer.c.o
 .text.NVIC_DisableIRQ
                0x00000000000005cc       0x34 _build/nrf52832_xxaa_app_timer.c.o
 .text.NVIC_SetPendingIRQ
                0x0000000000000600       0x34 _build/nrf52832_xxaa_app_timer.c.o
 .text.NVIC_ClearPendingIRQ
                0x0000000000000634       0x34 _build/nrf52832_xxaa_app_timer.c.o
 .text.nrf_delay_us
                0x0000000000000668       0xa8 _build/nrf52832_xxaa_app_timer.c.o
 .text.rtc1_start
                0x0000000000000710       0x44 _build/nrf52832_xxaa_app_timer.c.o
 .text.rtc1_stop
                0x0000000000000754       0x54 _build/nrf52832_xxaa_app_timer.c.o
 .text.rtc1_counter_get
                0x00000000000007a8       0x18 _build/nrf52832_xxaa_app_timer.c.o
 .text.ticks_diff_get
                0x00000000000007c0       0x20 _build/nrf52832_xxaa_app_timer.c.o
 .text.rtc1_compare0_set
                0x00000000000007e0       0x20 _build/nrf52832_xxaa_app_timer.c.o
 .text.timer_list_insert
                0x0000000000000800       0xb4 _build/nrf52832_xxaa_app_timer.c.o
 .text.timer_list_remove
                0x00000000000008b4       0xc0 _build/nrf52832_xxaa_app_timer.c.o
 .text.timer_timeouts_check_sched
                0x0000000000000974        0xe _build/nrf52832_xxaa_app_timer.c.o
 .text.timer_list_handler_sched
                0x0000000000000982        0xe _build/nrf52832_xxaa_app_timer.c.o
 .text.timeout_handler_exec
                0x0000000000000990       0x1c _build/nrf52832_xxaa_app_timer.c.o
 .text.timer_timeouts_check
                0x00000000000009ac       0xc8 _build/nrf52832_xxaa_app_timer.c.o
 .text.elapsed_ticks_acquire
                0x0000000000000a74       0x80 _build/nrf52832_xxaa_app_timer.c.o
 .text.expired_timers_handler
                0x0000000000000af4       0x9c _build/nrf52832_xxaa_app_timer.c.o
 .text.list_insertions_handler
                0x0000000000000b90      0x1b8 _build/nrf52832_xxaa_app_timer.c.o
 .text.compare_reg_update
                0x0000000000000d48       0xb4 _build/nrf52832_xxaa_app_timer.c.o
 .text.timer_list_handler
                0x0000000000000dfc       0x74 _build/nrf52832_xxaa_app_timer.c.o
 .text.RTC1_IRQHandler
                0x0000000000000e70       0x40 _build/nrf52832_xxaa_app_timer.c.o
                0x0000000000000e70                RTC1_IRQHandler
 .text.SWI0_EGU0_IRQHandler
                0x0000000000000eb0        0xc _build/nrf52832_xxaa_app_timer.c.o
                0x0000000000000eb0                SWI0_EGU0_IRQHandler
 .text.nrf_clock_int_disable
                0x0000000000000ebc       0x1e _build/nrf52832_xxaa_nrf_drv_clock.c.o
 .text.nrf_clock_event_clear
                0x0000000000000eda       0x2c _build/nrf52832_xxaa_nrf_drv_clock.c.o
 .text.nrf_clock_event_check
                0x0000000000000f06       0x28 _build/nrf52832_xxaa_nrf_drv_clock.c.o
 .text.item_dequeue
                0x0000000000000f2e       0x2a _build/nrf52832_xxaa_nrf_drv_clock.c.o
 .text.clock_clk_started_notify
                0x0000000000000f58       0x48 _build/nrf52832_xxaa_nrf_drv_clock.c.o
 .text.POWER_CLOCK_IRQHandler
                0x0000000000000fa0       0x5c _build/nrf52832_xxaa_nrf_drv_clock.c.o
                0x0000000000000fa0                POWER_CLOCK_IRQHandler
 .text.nrf_uart_event_clear
                0x0000000000000ffc       0x2e _build/nrf52832_xxaa_nrf_drv_uart.c.o
 .text.nrf_uart_event_check
                0x000000000000102a       0x2a _build/nrf52832_xxaa_nrf_drv_uart.c.o
 .text.nrf_uart_int_enable_check
                0x0000000000001054       0x2a _build/nrf52832_xxaa_nrf_drv_uart.c.o
 .text.nrf_uart_int_disable
                0x000000000000107e       0x1e _build/nrf52832_xxaa_nrf_drv_uart.c.o
 .text.nrf_uart_errorsrc_get_and_clear
                0x000000000000109c       0x26 _build/nrf52832_xxaa_nrf_drv_uart.c.o
 .text.nrf_uart_rxd_get
                0x00000000000010c2       0x1c _build/nrf52832_xxaa_nrf_drv_uart.c.o
 .text.nrf_uart_txd_set
                0x00000000000010de       0x20 _build/nrf52832_xxaa_nrf_drv_uart.c.o
 .text.nrf_uart_task_trigger
                0x00000000000010fe       0x22 _build/nrf52832_xxaa_nrf_drv_uart.c.o
 .text.nrf_uarte_event_clear
                0x0000000000001120       0x2e _build/nrf52832_xxaa_nrf_drv_uart.c.o
 .text.nrf_uarte_event_check
                0x000000000000114e       0x2a _build/nrf52832_xxaa_nrf_drv_uart.c.o
 .text.nrf_uarte_shorts_disable
                0x0000000000001178       0x28 _build/nrf52832_xxaa_nrf_drv_uart.c.o
 .text.nrf_uarte_errorsrc_get_and_clear
                0x00000000000011a0       0x26 _build/nrf52832_xxaa_nrf_drv_uart.c.o
 .text.nrf_uarte_tx_amount_get
                0x00000000000011c6       0x1a _build/nrf52832_xxaa_nrf_drv_uart.c.o
 .text.nrf_uarte_rx_amount_get
                0x00000000000011e0       0x1a _build/nrf52832_xxaa_nrf_drv_uart.c.o
 .text.tx_byte  0x00000000000011fa       0x44 _build/nrf52832_xxaa_nrf_drv_uart.c.o
 .text.rx_byte  0x000000000000123e       0x58 _build/nrf52832_xxaa_nrf_drv_uart.c.o
 .text.rx_done_event
                0x0000000000001296       0x32 _build/nrf52832_xxaa_nrf_drv_uart.c.o
 .text.tx_done_event
                0x00000000000012c8       0x38 _build/nrf52832_xxaa_nrf_drv_uart.c.o
 .text.uart_irq_handler
                0x0000000000001300      0x1d0 _build/nrf52832_xxaa_nrf_drv_uart.c.o
 .text.uarte_irq_handler
                0x00000000000014d0      0x158 _build/nrf52832_xxaa_nrf_drv_uart.c.o
 .text.UARTE0_UART0_IRQHandler
                0x0000000000001628       0x2c _build/nrf52832_xxaa_nrf_drv_uart.c.o
                0x0000000000001628                UARTE0_UART0_IRQHandler
 .text.nrf_delay_us
                0x0000000000001654       0xa8 _build/nrf52832_xxaa_main.c.o
 .text.nrf_delay_ms
                0x00000000000016fc       0x20 _build/nrf52832_xxaa_main.c.o
 .text.main     0x000000000000171c       0x2e _build/nrf52832_xxaa_main.c.o
                0x000000000000171c                main
 *fill*         0x000000000000174a        0x2 
 .text          0x000000000000174c       0x3c _build/nrf52832_xxaa_gcc_startup_nrf52.S.o
                0x000000000000174c                Reset_Handler
                0x0000000000001774                NMI_Handler
                0x0000000000001776                HardFault_Handler
                0x0000000000001778                MemoryManagement_Handler
                0x000000000000177a                BusFault_Handler
                0x000000000000177c                UsageFault_Handler
                0x000000000000177e                SVC_Handler
                0x0000000000001780                DebugMon_Handler
                0x0000000000001782                PendSV_Handler
                0x0000000000001784                SysTick_Handler
                0x0000000000001786                FPU_IRQHandler
                0x0000000000001786                SPIM0_SPIS0_TWIM0_TWIS0_SPI0_TWI0_IRQHandler
                0x0000000000001786                TIMER4_IRQHandler
                0x0000000000001786                I2S_IRQHandler
                0x0000000000001786                SWI4_EGU4_IRQHandler
                0x0000000000001786                TIMER0_IRQHandler
                0x0000000000001786                TIMER1_IRQHandler
                0x0000000000001786                PWM2_IRQHandler
                0x0000000000001786                ECB_IRQHandler
                0x0000000000001786                SPIM1_SPIS1_TWIM1_TWIS1_SPI1_TWI1_IRQHandler
                0x0000000000001786                Default_Handler
                0x0000000000001786                SAADC_IRQHandler
                0x0000000000001786                CCM_AAR_IRQHandler
                0x0000000000001786                WDT_IRQHandler
                0x0000000000001786                SWI5_EGU5_IRQHandler
                0x0000000000001786                RNG_IRQHandler
                0x0000000000001786                RTC2_IRQHandler
                0x0000000000001786                PWM0_IRQHandler
                0x0000000000001786                SWI3_EGU3_IRQHandler
                0x0000000000001786                SWI1_EGU1_IRQHandler
                0x0000000000001786                SPIM2_SPIS2_SPI2_IRQHandler
                0x0000000000001786                NFCT_IRQHandler
                0x0000000000001786                MWU_IRQHandler
                0x0000000000001786                TIMER2_IRQHandler
                0x0000000000001786                COMP_LPCOMP_IRQHandler
                0x0000000000001786                RTC0_IRQHandler
                0x0000000000001786                SWI2_EGU2_IRQHandler
                0x0000000000001786                GPIOTE_IRQHandler
                0x0000000000001786                PWM1_IRQHandler
                0x0000000000001786                RADIO_IRQHandler
                0x0000000000001786                PDM_IRQHandler
                0x0000000000001786                TEMP_IRQHandler
                0x0000000000001786                QDEC_IRQHandler
                0x0000000000001786                TIMER3_IRQHandler
 .text.NVIC_SystemReset
                0x0000000000001788       0x28 _build/nrf52832_xxaa_system_nrf52.c.o
 .text.SystemCoreClockUpdate
                0x00000000000017b0       0x1c _build/nrf52832_xxaa_system_nrf52.c.o
                0x00000000000017b0                SystemCoreClockUpdate
 .text.SystemInit
                0x00000000000017cc      0x298 _build/nrf52832_xxaa_system_nrf52.c.o
                0x00000000000017cc                SystemInit
 .text.errata_12
                0x0000000000001a64       0x64 _build/nrf52832_xxaa_system_nrf52.c.o
 .text.errata_16
                0x0000000000001ac8       0x44 _build/nrf52832_xxaa_system_nrf52.c.o
 .text.errata_31
                0x0000000000001b0c       0x64 _build/nrf52832_xxaa_system_nrf52.c.o
 .text.errata_32
                0x0000000000001b70       0x44 _build/nrf52832_xxaa_system_nrf52.c.o
 .text.errata_36
                0x0000000000001bb4       0x64 _build/nrf52832_xxaa_system_nrf52.c.o
 .text.errata_37
                0x0000000000001c18       0x44 _build/nrf52832_xxaa_system_nrf52.c.o
 .text.errata_57
                0x0000000000001c5c       0x44 _build/nrf52832_xxaa_system_nrf52.c.o
 .text.errata_66
                0x0000000000001ca0       0x44 _build/nrf52832_xxaa_system_nrf52.c.o
 .text.errata_108
                0x0000000000001ce4       0x64 _build/nrf52832_xxaa_system_nrf52.c.o
 *(.init)
 .init          0x0000000000001d48        0x4 /Users/rtone-badr/Desktop/Projects/gcc-arm-none-eabi-6-2017-q1-update/bin/../lib/gcc/arm-none-eabi/6.3.1/thumb/v7e-m/fpv4-sp/hard/crti.o
                0x0000000000001d48                _init
 .init          0x0000000000001d4c        0x8 /Users/rtone-badr/Desktop/Projects/gcc-arm-none-eabi-6-2017-q1-update/bin/../lib/gcc/arm-none-eabi/6.3.1/thumb/v7e-m/fpv4-sp/hard/crtn.o
 *(.fini)
 .fini          0x0000000000001d54        0x4 /Users/rtone-badr/Desktop/Projects/gcc-arm-none-eabi-6-2017-q1-update/bin/../lib/gcc/arm-none-eabi/6.3.1/thumb/v7e-m/fpv4-sp/hard/crti.o
                0x0000000000001d54                _fini
 .fini          0x0000000000001d58        0x8 /Users/rtone-badr/Desktop/Projects/gcc-arm-none-eabi-6-2017-q1-update/bin/../lib/gcc/arm-none-eabi/6.3.1/thumb/v7e-m/fpv4-sp/hard/crtn.o
 *crtbegin.o(.ctors)
 *crtbegin?.o(.ctors)
 *(EXCLUDE_FILE(*crtend.o *crtend?.o) .ctors)
 *(SORT(.ctors.*))
 *(.ctors)
 *crtbegin.o(.dtors)
 *crtbegin?.o(.dtors)
 *(EXCLUDE_FILE(*crtend.o *crtend?.o) .dtors)
 *(SORT(.dtors.*))
 *(.dtors)
 *(.rodata*)
 .rodata._global_impure_ptr
                0x0000000000001d60        0x4 /Users/rtone-badr/Desktop/Projects/gcc-arm-none-eabi-6-2017-q1-update/bin/../lib/gcc/arm-none-eabi/6.3.1/../../../../arm-none-eabi/lib/thumb/v7e-m/fpv4-sp/hard/libc_nano.a(lib_a-impure.o)
                0x0000000000001d60                _global_impure_ptr
 .rodata.m_board_led_list
                0x0000000000001d64        0x4 _build/nrf52832_xxaa_boards.c.o
 *(.eh_frame*)
 .eh_frame      0x0000000000001d68        0x0 /Users/rtone-badr/Desktop/Projects/gcc-arm-none-eabi-6-2017-q1-update/bin/../lib/gcc/arm-none-eabi/6.3.1/thumb/v7e-m/fpv4-sp/hard/crtbegin.o
 .eh_frame      0x0000000000001d68        0x4 /Users/rtone-badr/Desktop/Projects/gcc-arm-none-eabi-6-2017-q1-update/bin/../lib/gcc/arm-none-eabi/6.3.1/thumb/v7e-m/fpv4-sp/hard/crtend.o

.glue_7         0x0000000000001d6c        0x0
 .glue_7        0x0000000000001d6c        0x0 linker stubs

.glue_7t        0x0000000000001d6c        0x0
 .glue_7t       0x0000000000001d6c        0x0 linker stubs

.vfp11_veneer   0x0000000000001d6c        0x0
 .vfp11_veneer  0x0000000000001d6c        0x0 linker stubs

.v4_bx          0x0000000000001d6c        0x0
 .v4_bx         0x0000000000001d6c        0x0 linker stubs

.iplt           0x0000000000001d6c        0x0
 .iplt          0x0000000000001d6c        0x0 /Users/rtone-badr/Desktop/Projects/gcc-arm-none-eabi-6-2017-q1-update/bin/../lib/gcc/arm-none-eabi/6.3.1/thumb/v7e-m/fpv4-sp/hard/crtbegin.o

.pwr_mgmt_data  0x0000000000001d6c        0x0
                [!provide]                        PROVIDE (__start_pwr_mgmt_data, .)
 *(SORT(.pwr_mgmt_data*))
                [!provide]                        PROVIDE (__stop_pwr_mgmt_data, .)

.ARM.extab
 *(.ARM.extab* .gnu.linkonce.armextab.*)
                0x0000000000001d6c                __exidx_start = .

.ARM.exidx      0x0000000000001d6c        0x8
 *(.ARM.exidx* .gnu.linkonce.armexidx.*)
 .ARM.exidx     0x0000000000001d6c        0x8 /Users/rtone-badr/Desktop/Projects/gcc-arm-none-eabi-6-2017-q1-update/bin/../lib/gcc/arm-none-eabi/6.3.1/../../../../arm-none-eabi/lib/thumb/v7e-m/fpv4-sp/hard/crt0.o
                0x0000000000001d74                __exidx_end = .
                0x0000000000001d74                __etext = .

.rel.dyn        0x0000000000001d74        0x0
 .rel.iplt      0x0000000000001d74        0x0 /Users/rtone-badr/Desktop/Projects/gcc-arm-none-eabi-6-2017-q1-update/bin/../lib/gcc/arm-none-eabi/6.3.1/thumb/v7e-m/fpv4-sp/hard/crtbegin.o

.data           0x0000000020000000       0x70 load address 0x0000000000001d74
                0x0000000020000000                __data_start__ = .
 *(vtable)
 *(.data*)
 .data.impure_data
                0x0000000020000000       0x60 /Users/rtone-badr/Desktop/Projects/gcc-arm-none-eabi-6-2017-q1-update/bin/../lib/gcc/arm-none-eabi/6.3.1/../../../../arm-none-eabi/lib/thumb/v7e-m/fpv4-sp/hard/libc_nano.a(lib_a-impure.o)
 .data.SystemCoreClock
                0x0000000020000060        0x4 _build/nrf52832_xxaa_system_nrf52.c.o
                0x0000000020000060                SystemCoreClock
                0x0000000020000064                . = ALIGN (0x4)
                0x0000000020000064                PROVIDE (__preinit_array_start, .)
 *(.preinit_array)
                0x0000000020000064                PROVIDE (__preinit_array_end, .)
                0x0000000020000064                . = ALIGN (0x4)
                0x0000000020000064                PROVIDE (__init_array_start, .)
 *(SORT(.init_array.*))
 *(.init_array)
 .init_array    0x0000000020000064        0x4 /Users/rtone-badr/Desktop/Projects/gcc-arm-none-eabi-6-2017-q1-update/bin/../lib/gcc/arm-none-eabi/6.3.1/thumb/v7e-m/fpv4-sp/hard/crtbegin.o
                0x0000000020000068                PROVIDE (__init_array_end, .)
                0x0000000020000068                . = ALIGN (0x4)
                [!provide]                        PROVIDE (__fini_array_start, .)
 *(SORT(.fini_array.*))
 *(.fini_array)
 .fini_array    0x0000000020000068        0x4 /Users/rtone-badr/Desktop/Projects/gcc-arm-none-eabi-6-2017-q1-update/bin/../lib/gcc/arm-none-eabi/6.3.1/thumb/v7e-m/fpv4-sp/hard/crtbegin.o
                [!provide]                        PROVIDE (__fini_array_end, .)
 *(.jcr*)
 .jcr           0x000000002000006c        0x0 /Users/rtone-badr/Desktop/Projects/gcc-arm-none-eabi-6-2017-q1-update/bin/../lib/gcc/arm-none-eabi/6.3.1/thumb/v7e-m/fpv4-sp/hard/crtbegin.o
 .jcr           0x000000002000006c        0x4 /Users/rtone-badr/Desktop/Projects/gcc-arm-none-eabi-6-2017-q1-update/bin/../lib/gcc/arm-none-eabi/6.3.1/thumb/v7e-m/fpv4-sp/hard/crtend.o
                0x0000000020000070                . = ALIGN (0x4)
                0x0000000020000070                __data_end__ = .
LOAD /Users/rtone-badr/Desktop/Projects/gcc-arm-none-eabi-6-2017-q1-update/bin/../lib/gcc/arm-none-eabi/6.3.1/thumb/v7e-m/fpv4-sp/hard/crti.o
LOAD /Users/rtone-badr/Desktop/Projects/gcc-arm-none-eabi-6-2017-q1-update/bin/../lib/gcc/arm-none-eabi/6.3.1/thumb/v7e-m/fpv4-sp/hard/crtbegin.o
LOAD /Users/rtone-badr/Desktop/Projects/gcc-arm-none-eabi-6-2017-q1-update/bin/../lib/gcc/arm-none-eabi/6.3.1/../../../../arm-none-eabi/lib/thumb/v7e-m/fpv4-sp/hard/crt0.o
LOAD /Users/rtone-badr/Desktop/Projects/gcc-arm-none-eabi-6-2017-q1-update/bin/../lib/gcc/arm-none-eabi/6.3.1/../../../../arm-none-eabi/lib/thumb/v7e-m/fpv4-sp/hard/libc_nano.a
LOAD /Users/rtone-badr/Desktop/Projects/gcc-arm-none-eabi-6-2017-q1-update/bin/../lib/gcc/arm-none-eabi/6.3.1/../../../../arm-none-eabi/lib/thumb/v7e-m/fpv4-sp/hard/libnosys.a
LOAD _build/nrf52832_xxaa_nrf_log_backend_serial.c.o
LOAD _build/nrf52832_xxaa_nrf_log_frontend.c.o
LOAD _build/nrf52832_xxaa_boards.c.o
LOAD _build/nrf52832_xxaa_app_error.c.o
LOAD _build/nrf52832_xxaa_app_error_weak.c.o
LOAD _build/nrf52832_xxaa_app_scheduler.c.o
LOAD _build/nrf52832_xxaa_app_timer.c.o
LOAD _build/nrf52832_xxaa_app_util_platform.c.o
LOAD _build/nrf52832_xxaa_hardfault_implementation.c.o
LOAD _build/nrf52832_xxaa_nrf_assert.c.o
LOAD _build/nrf52832_xxaa_nrf_strerror.c.o
LOAD _build/nrf52832_xxaa_nrf_drv_clock.c.o
LOAD _build/nrf52832_xxaa_nrf_drv_common.c.o
LOAD _build/nrf52832_xxaa_nrf_drv_uart.c.o
LOAD _build/nrf52832_xxaa_nrf_nvic.c.o
LOAD _build/nrf52832_xxaa_nrf_soc.c.o
LOAD _build/nrf52832_xxaa_main.c.o
LOAD _build/nrf52832_xxaa_RTT_Syscalls_GCC.c.o
LOAD _build/nrf52832_xxaa_SEGGER_RTT.c.o
LOAD _build/nrf52832_xxaa_SEGGER_RTT_printf.c.o
LOAD _build/nrf52832_xxaa_gcc_startup_nrf52.S.o
LOAD _build/nrf52832_xxaa_system_nrf52.c.o
LOAD /Users/rtone-badr/Desktop/Projects/gcc-arm-none-eabi-6-2017-q1-update/bin/../lib/gcc/arm-none-eabi/6.3.1/../../../../arm-none-eabi/lib/thumb/v7e-m/fpv4-sp/hard/libm.a
START GROUP
LOAD /Users/rtone-badr/Desktop/Projects/gcc-arm-none-eabi-6-2017-q1-update/bin/../lib/gcc/arm-none-eabi/6.3.1/thumb/v7e-m/fpv4-sp/hard/libgcc.a
LOAD /Users/rtone-badr/Desktop/Projects/gcc-arm-none-eabi-6-2017-q1-update/bin/../lib/gcc/arm-none-eabi/6.3.1/../../../../arm-none-eabi/lib/thumb/v7e-m/fpv4-sp/hard/libc_nano.a
END GROUP
START GROUP
LOAD /Users/rtone-badr/Desktop/Projects/gcc-arm-none-eabi-6-2017-q1-update/bin/../lib/gcc/arm-none-eabi/6.3.1/thumb/v7e-m/fpv4-sp/hard/libgcc.a
LOAD /Users/rtone-badr/Desktop/Projects/gcc-arm-none-eabi-6-2017-q1-update/bin/../lib/gcc/arm-none-eabi/6.3.1/../../../../arm-none-eabi/lib/thumb/v7e-m/fpv4-sp/hard/libc_nano.a
END GROUP
LOAD /Users/rtone-badr/Desktop/Projects/gcc-arm-none-eabi-6-2017-q1-update/bin/../lib/gcc/arm-none-eabi/6.3.1/thumb/v7e-m/fpv4-sp/hard/crtend.o
LOAD /Users/rtone-badr/Desktop/Projects/gcc-arm-none-eabi-6-2017-q1-update/bin/../lib/gcc/arm-none-eabi/6.3.1/thumb/v7e-m/fpv4-sp/hard/crtn.o
START GROUP
LOAD /Users/rtone-badr/Desktop/Projects/gcc-arm-none-eabi-6-2017-q1-update/bin/../lib/gcc/arm-none-eabi/6.3.1/thumb/v7e-m/fpv4-sp/hard/libgcc.a
LOAD /Users/rtone-badr/Desktop/Projects/gcc-arm-none-eabi-6-2017-q1-update/bin/../lib/gcc/arm-none-eabi/6.3.1/../../../../arm-none-eabi/lib/thumb/v7e-m/fpv4-sp/hard/libc.a
LOAD /Users/rtone-badr/Desktop/Projects/gcc-arm-none-eabi-6-2017-q1-update/bin/../lib/gcc/arm-none-eabi/6.3.1/../../../../arm-none-eabi/lib/thumb/v7e-m/fpv4-sp/hard/libnosys.a
END GROUP

.igot.plt       0x0000000020000070        0x0 load address 0x0000000000001de4
 .igot.plt      0x0000000020000070        0x0 /Users/rtone-badr/Desktop/Projects/gcc-arm-none-eabi-6-2017-q1-update/bin/../lib/gcc/arm-none-eabi/6.3.1/thumb/v7e-m/fpv4-sp/hard/crtbegin.o

.fs_data        0x0000000020000070        0x0
                [!provide]                        PROVIDE (__start_fs_data, .)
 *(.fs_data)
                [!provide]                        PROVIDE (__stop_fs_data, .)

.bss            0x0000000020000070      0x170 load address 0x0000000000001de4
                0x0000000020000070                . = ALIGN (0x4)
                0x0000000020000070                __bss_start__ = .
 *(.bss*)
 .bss           0x0000000020000070       0x1c /Users/rtone-badr/Desktop/Projects/gcc-arm-none-eabi-6-2017-q1-update/bin/../lib/gcc/arm-none-eabi/6.3.1/thumb/v7e-m/fpv4-sp/hard/crtbegin.o
 .bss.m_op_queue
                0x000000002000008c      0x10c _build/nrf52832_xxaa_app_timer.c.o
 .bss.mp_timer_id_head
                0x0000000020000198        0x4 _build/nrf52832_xxaa_app_timer.c.o
 .bss.m_ticks_latest
                0x000000002000019c        0x4 _build/nrf52832_xxaa_app_timer.c.o
 .bss.m_ticks_elapsed
                0x00000000200001a0        0x8 _build/nrf52832_xxaa_app_timer.c.o
 .bss.m_ticks_elapsed_q_read_ind
                0x00000000200001a8        0x1 _build/nrf52832_xxaa_app_timer.c.o
 .bss.m_ticks_elapsed_q_write_ind
                0x00000000200001a9        0x1 _build/nrf52832_xxaa_app_timer.c.o
 .bss.m_rtc1_running
                0x00000000200001aa        0x1 _build/nrf52832_xxaa_app_timer.c.o
 .bss.m_rtc1_reset
                0x00000000200001ab        0x1 _build/nrf52832_xxaa_app_timer.c.o
 .bss.m_clock_cb
                0x00000000200001ac       0x14 _build/nrf52832_xxaa_nrf_drv_clock.c.o
 .bss.m_cb      0x00000000200001c0       0x20 _build/nrf52832_xxaa_nrf_drv_uart.c.o
 *(COMMON)
                0x00000000200001e0                . = ALIGN (0x4)
                0x00000000200001e0                __bss_end__ = .

.heap           0x00000000200001e0     0x2000
                0x00000000200001e0                __HeapBase = .
                0x00000000200001e0                __end__ = .
                [!provide]                        PROVIDE (end, .)
 *(.heap*)
 .heap          0x00000000200001e0     0x2000 _build/nrf52832_xxaa_gcc_startup_nrf52.S.o
                0x00000000200021e0                __HeapLimit = .

.stack_dummy    0x00000000200001e0     0x2000
 *(.stack*)
 .stack         0x00000000200001e0     0x2000 _build/nrf52832_xxaa_gcc_startup_nrf52.S.o
                0x0000000020010000                __StackTop = (ORIGIN (RAM) + LENGTH (RAM))
                0x000000002000e000                __StackLimit = (__StackTop - SIZEOF (.stack_dummy))
                0x0000000020010000                PROVIDE (__stack, __StackTop)
                0x0000000000000001                ASSERT ((__StackLimit >= __HeapLimit), region RAM overflowed with stack)
OUTPUT(_build/nrf52832_xxaa.out elf32-littlearm)

.ARM.attributes
                0x0000000000000000       0x30
 .ARM.attributes
                0x0000000000000000       0x22 /Users/rtone-badr/Desktop/Projects/gcc-arm-none-eabi-6-2017-q1-update/bin/../lib/gcc/arm-none-eabi/6.3.1/thumb/v7e-m/fpv4-sp/hard/crti.o
 .ARM.attributes
                0x0000000000000022       0x34 /Users/rtone-badr/Desktop/Projects/gcc-arm-none-eabi-6-2017-q1-update/bin/../lib/gcc/arm-none-eabi/6.3.1/thumb/v7e-m/fpv4-sp/hard/crtbegin.o
 .ARM.attributes
                0x0000000000000056       0x20 /Users/rtone-badr/Desktop/Projects/gcc-arm-none-eabi-6-2017-q1-update/bin/../lib/gcc/arm-none-eabi/6.3.1/../../../../arm-none-eabi/lib/thumb/v7e-m/fpv4-sp/hard/crt0.o
 .ARM.attributes
                0x0000000000000076       0x34 /Users/rtone-badr/Desktop/Projects/gcc-arm-none-eabi-6-2017-q1-update/bin/../lib/gcc/arm-none-eabi/6.3.1/../../../../arm-none-eabi/lib/thumb/v7e-m/fpv4-sp/hard/libc_nano.a(lib_a-exit.o)
 .ARM.attributes
                0x00000000000000aa       0x34 /Users/rtone-badr/Desktop/Projects/gcc-arm-none-eabi-6-2017-q1-update/bin/../lib/gcc/arm-none-eabi/6.3.1/../../../../arm-none-eabi/lib/thumb/v7e-m/fpv4-sp/hard/libc_nano.a(lib_a-impure.o)
 .ARM.attributes
                0x00000000000000de       0x34 /Users/rtone-badr/Desktop/Projects/gcc-arm-none-eabi-6-2017-q1-update/bin/../lib/gcc/arm-none-eabi/6.3.1/../../../../arm-none-eabi/lib/thumb/v7e-m/fpv4-sp/hard/libc_nano.a(lib_a-init.o)
 .ARM.attributes
                0x0000000000000112       0x34 /Users/rtone-badr/Desktop/Projects/gcc-arm-none-eabi-6-2017-q1-update/bin/../lib/gcc/arm-none-eabi/6.3.1/../../../../arm-none-eabi/lib/thumb/v7e-m/fpv4-sp/hard/libc_nano.a(lib_a-memset.o)
 .ARM.attributes
                0x0000000000000146       0x34 /Users/rtone-badr/Desktop/Projects/gcc-arm-none-eabi-6-2017-q1-update/bin/../lib/gcc/arm-none-eabi/6.3.1/../../../../arm-none-eabi/lib/thumb/v7e-m/fpv4-sp/hard/libnosys.a(_exit.o)
 .ARM.attributes
                0x000000000000017a       0x39 _build/nrf52832_xxaa_boards.c.o
 .ARM.attributes
                0x00000000000001b3       0x39 _build/nrf52832_xxaa_app_timer.c.o
 .ARM.attributes
                0x00000000000001ec       0x39 _build/nrf52832_xxaa_nrf_drv_clock.c.o
 .ARM.attributes
                0x0000000000000225       0x39 _build/nrf52832_xxaa_nrf_drv_uart.c.o
 .ARM.attributes
                0x000000000000025e       0x39 _build/nrf52832_xxaa_main.c.o
 .ARM.attributes
                0x0000000000000297       0x1c _build/nrf52832_xxaa_gcc_startup_nrf52.S.o
 .ARM.attributes
                0x00000000000002b3       0x39 _build/nrf52832_xxaa_system_nrf52.c.o
 .ARM.attributes
                0x00000000000002ec       0x34 /Users/rtone-badr/Desktop/Projects/gcc-arm-none-eabi-6-2017-q1-update/bin/../lib/gcc/arm-none-eabi/6.3.1/thumb/v7e-m/fpv4-sp/hard/crtend.o
 .ARM.attributes
                0x0000000000000320       0x22 /Users/rtone-badr/Desktop/Projects/gcc-arm-none-eabi-6-2017-q1-update/bin/../lib/gcc/arm-none-eabi/6.3.1/thumb/v7e-m/fpv4-sp/hard/crtn.o

.comment        0x0000000000000000       0x7f
 .comment       0x0000000000000000       0x7f _build/nrf52832_xxaa_boards.c.o
                                         0x80 (size before relaxing)
 .comment       0x000000000000007f       0x80 _build/nrf52832_xxaa_app_timer.c.o
 .comment       0x000000000000007f       0x80 _build/nrf52832_xxaa_nrf_drv_clock.c.o
 .comment       0x000000000000007f       0x80 _build/nrf52832_xxaa_nrf_drv_uart.c.o
 .comment       0x000000000000007f       0x80 _build/nrf52832_xxaa_main.c.o
 .comment       0x000000000000007f       0x80 _build/nrf52832_xxaa_system_nrf52.c.o

.debug_frame    0x0000000000000000     0x1cbc
 .debug_frame   0x0000000000000000       0x28 /Users/rtone-badr/Desktop/Projects/gcc-arm-none-eabi-6-2017-q1-update/bin/../lib/gcc/arm-none-eabi/6.3.1/../../../../arm-none-eabi/lib/thumb/v7e-m/fpv4-sp/hard/libc_nano.a(lib_a-exit.o)
 .debug_frame   0x0000000000000028       0x2c /Users/rtone-badr/Desktop/Projects/gcc-arm-none-eabi-6-2017-q1-update/bin/../lib/gcc/arm-none-eabi/6.3.1/../../../../arm-none-eabi/lib/thumb/v7e-m/fpv4-sp/hard/libc_nano.a(lib_a-init.o)
 .debug_frame   0x0000000000000054       0x20 /Users/rtone-badr/Desktop/Projects/gcc-arm-none-eabi-6-2017-q1-update/bin/../lib/gcc/arm-none-eabi/6.3.1/../../../../arm-none-eabi/lib/thumb/v7e-m/fpv4-sp/hard/libc_nano.a(lib_a-memset.o)
 .debug_frame   0x0000000000000074       0x20 /Users/rtone-badr/Desktop/Projects/gcc-arm-none-eabi-6-2017-q1-update/bin/../lib/gcc/arm-none-eabi/6.3.1/../../../../arm-none-eabi/lib/thumb/v7e-m/fpv4-sp/hard/libnosys.a(_exit.o)
 .debug_frame   0x0000000000000094      0x400 _build/nrf52832_xxaa_boards.c.o
 .debug_frame   0x0000000000000494      0x550 _build/nrf52832_xxaa_app_timer.c.o
 .debug_frame   0x00000000000009e4      0x41c _build/nrf52832_xxaa_nrf_drv_clock.c.o
 .debug_frame   0x0000000000000e00      0xcbc _build/nrf52832_xxaa_nrf_drv_uart.c.o
 .debug_frame   0x0000000000001abc       0x7c _build/nrf52832_xxaa_main.c.o
 .debug_frame   0x0000000000001b38      0x184 _build/nrf52832_xxaa_system_nrf52.c.o

.debug_info     0x0000000000000000     0x8501
 .debug_info    0x0000000000000000     0x10a4 _build/nrf52832_xxaa_boards.c.o
 .debug_info    0x00000000000010a4     0x1a33 _build/nrf52832_xxaa_app_timer.c.o
 .debug_info    0x0000000000002ad7     0x1451 _build/nrf52832_xxaa_nrf_drv_clock.c.o
 .debug_info    0x0000000000003f28     0x2ed2 _build/nrf52832_xxaa_nrf_drv_uart.c.o
 .debug_info    0x0000000000006dfa      0x966 _build/nrf52832_xxaa_main.c.o
 .debug_info    0x0000000000007760      0xda1 _build/nrf52832_xxaa_system_nrf52.c.o

.debug_abbrev   0x0000000000000000     0x1226
 .debug_abbrev  0x0000000000000000      0x2f2 _build/nrf52832_xxaa_boards.c.o
 .debug_abbrev  0x00000000000002f2      0x3e1 _build/nrf52832_xxaa_app_timer.c.o
 .debug_abbrev  0x00000000000006d3      0x3d9 _build/nrf52832_xxaa_nrf_drv_clock.c.o
 .debug_abbrev  0x0000000000000aac      0x377 _build/nrf52832_xxaa_nrf_drv_uart.c.o
 .debug_abbrev  0x0000000000000e23      0x225 _build/nrf52832_xxaa_main.c.o
 .debug_abbrev  0x0000000000001048      0x1de _build/nrf52832_xxaa_system_nrf52.c.o

.debug_aranges  0x0000000000000000      0x6a8
 .debug_aranges
                0x0000000000000000       0xf0 _build/nrf52832_xxaa_boards.c.o
 .debug_aranges
                0x00000000000000f0      0x148 _build/nrf52832_xxaa_app_timer.c.o
 .debug_aranges
                0x0000000000000238      0x108 _build/nrf52832_xxaa_nrf_drv_clock.c.o
 .debug_aranges
                0x0000000000000340      0x2c0 _build/nrf52832_xxaa_nrf_drv_uart.c.o
 .debug_aranges
                0x0000000000000600       0x30 _build/nrf52832_xxaa_main.c.o
 .debug_aranges
                0x0000000000000630       0x78 _build/nrf52832_xxaa_system_nrf52.c.o

.debug_ranges   0x0000000000000000      0x660
 .debug_ranges  0x0000000000000000       0xe0 _build/nrf52832_xxaa_boards.c.o
 .debug_ranges  0x00000000000000e0      0x138 _build/nrf52832_xxaa_app_timer.c.o
 .debug_ranges  0x0000000000000218      0x110 _build/nrf52832_xxaa_nrf_drv_clock.c.o
 .debug_ranges  0x0000000000000328      0x2b0 _build/nrf52832_xxaa_nrf_drv_uart.c.o
 .debug_ranges  0x00000000000005d8       0x20 _build/nrf52832_xxaa_main.c.o
 .debug_ranges  0x00000000000005f8       0x68 _build/nrf52832_xxaa_system_nrf52.c.o

.debug_line     0x0000000000000000     0x263c
 .debug_line    0x0000000000000000      0x528 _build/nrf52832_xxaa_boards.c.o
 .debug_line    0x0000000000000528      0x78e _build/nrf52832_xxaa_app_timer.c.o
 .debug_line    0x0000000000000cb6      0x63d _build/nrf52832_xxaa_nrf_drv_clock.c.o
 .debug_line    0x00000000000012f3      0xce0 _build/nrf52832_xxaa_nrf_drv_uart.c.o
 .debug_line    0x0000000000001fd3      0x2ba _build/nrf52832_xxaa_main.c.o
 .debug_line    0x000000000000228d      0x3af _build/nrf52832_xxaa_system_nrf52.c.o

.debug_str      0x0000000000000000     0x3481
 .debug_str     0x0000000000000000      0xab5 _build/nrf52832_xxaa_boards.c.o
                                        0xb6e (size before relaxing)
 .debug_str     0x0000000000000ab5      0xb15 _build/nrf52832_xxaa_app_timer.c.o
                                       0x11b0 (size before relaxing)
 .debug_str     0x00000000000015ca      0x817 _build/nrf52832_xxaa_nrf_drv_clock.c.o
                                       0x11ae (size before relaxing)
 .debug_str     0x0000000000001de1     0x13db _build/nrf52832_xxaa_nrf_drv_uart.c.o
                                       0x20e0 (size before relaxing)
 .debug_str     0x00000000000031bc       0x2f _build/nrf52832_xxaa_main.c.o
                                        0x658 (size before relaxing)
 .debug_str     0x00000000000031eb      0x296 _build/nrf52832_xxaa_system_nrf52.c.o
                                        0x6a8 (size before relaxing)
